Archive member included to satisfy reference by file (symbol)

c:/st/stm32cubeide_1.7.0/stm32cubeide/plugins/com.st.stm32cube.ide.mcu.externaltools.gnu-tools-for-stm32.9-2020-q2-update.win32_2.0.0.202105311346/tools/bin/../lib/gcc/arm-none-eabi/9.3.1/../../../../arm-none-eabi/lib/thumb/v7e-m+fp/hard\libc_nano.a(lib_a-errno.o)
                              ./Core/Src/syscalls.o (__errno)
c:/st/stm32cubeide_1.7.0/stm32cubeide/plugins/com.st.stm32cube.ide.mcu.externaltools.gnu-tools-for-stm32.9-2020-q2-update.win32_2.0.0.202105311346/tools/bin/../lib/gcc/arm-none-eabi/9.3.1/../../../../arm-none-eabi/lib/thumb/v7e-m+fp/hard\libc_nano.a(lib_a-exit.o)
                              c:/st/stm32cubeide_1.7.0/stm32cubeide/plugins/com.st.stm32cube.ide.mcu.externaltools.gnu-tools-for-stm32.9-2020-q2-update.win32_2.0.0.202105311346/tools/bin/../lib/gcc/arm-none-eabi/9.3.1/../../../../arm-none-eabi/lib/thumb/v7e-m+fp/hard/crt0.o (exit)
c:/st/stm32cubeide_1.7.0/stm32cubeide/plugins/com.st.stm32cube.ide.mcu.externaltools.gnu-tools-for-stm32.9-2020-q2-update.win32_2.0.0.202105311346/tools/bin/../lib/gcc/arm-none-eabi/9.3.1/../../../../arm-none-eabi/lib/thumb/v7e-m+fp/hard\libc_nano.a(lib_a-findfp.o)
                              ./Middlewares/Third_Party/FreeRTOS/Source/tasks.o (__sf_fake_stderr)
c:/st/stm32cubeide_1.7.0/stm32cubeide/plugins/com.st.stm32cube.ide.mcu.externaltools.gnu-tools-for-stm32.9-2020-q2-update.win32_2.0.0.202105311346/tools/bin/../lib/gcc/arm-none-eabi/9.3.1/../../../../arm-none-eabi/lib/thumb/v7e-m+fp/hard\libc_nano.a(lib_a-fwalk.o)
                              c:/st/stm32cubeide_1.7.0/stm32cubeide/plugins/com.st.stm32cube.ide.mcu.externaltools.gnu-tools-for-stm32.9-2020-q2-update.win32_2.0.0.202105311346/tools/bin/../lib/gcc/arm-none-eabi/9.3.1/../../../../arm-none-eabi/lib/thumb/v7e-m+fp/hard\libc_nano.a(lib_a-findfp.o) (_fwalk)
c:/st/stm32cubeide_1.7.0/stm32cubeide/plugins/com.st.stm32cube.ide.mcu.externaltools.gnu-tools-for-stm32.9-2020-q2-update.win32_2.0.0.202105311346/tools/bin/../lib/gcc/arm-none-eabi/9.3.1/../../../../arm-none-eabi/lib/thumb/v7e-m+fp/hard\libc_nano.a(lib_a-impure.o)
                              c:/st/stm32cubeide_1.7.0/stm32cubeide/plugins/com.st.stm32cube.ide.mcu.externaltools.gnu-tools-for-stm32.9-2020-q2-update.win32_2.0.0.202105311346/tools/bin/../lib/gcc/arm-none-eabi/9.3.1/../../../../arm-none-eabi/lib/thumb/v7e-m+fp/hard\libc_nano.a(lib_a-exit.o) (_global_impure_ptr)
c:/st/stm32cubeide_1.7.0/stm32cubeide/plugins/com.st.stm32cube.ide.mcu.externaltools.gnu-tools-for-stm32.9-2020-q2-update.win32_2.0.0.202105311346/tools/bin/../lib/gcc/arm-none-eabi/9.3.1/../../../../arm-none-eabi/lib/thumb/v7e-m+fp/hard\libc_nano.a(lib_a-init.o)
                              c:/st/stm32cubeide_1.7.0/stm32cubeide/plugins/com.st.stm32cube.ide.mcu.externaltools.gnu-tools-for-stm32.9-2020-q2-update.win32_2.0.0.202105311346/tools/bin/../lib/gcc/arm-none-eabi/9.3.1/../../../../arm-none-eabi/lib/thumb/v7e-m+fp/hard/crt0.o (__libc_init_array)
c:/st/stm32cubeide_1.7.0/stm32cubeide/plugins/com.st.stm32cube.ide.mcu.externaltools.gnu-tools-for-stm32.9-2020-q2-update.win32_2.0.0.202105311346/tools/bin/../lib/gcc/arm-none-eabi/9.3.1/../../../../arm-none-eabi/lib/thumb/v7e-m+fp/hard\libc_nano.a(lib_a-lock.o)
                              c:/st/stm32cubeide_1.7.0/stm32cubeide/plugins/com.st.stm32cube.ide.mcu.externaltools.gnu-tools-for-stm32.9-2020-q2-update.win32_2.0.0.202105311346/tools/bin/../lib/gcc/arm-none-eabi/9.3.1/../../../../arm-none-eabi/lib/thumb/v7e-m+fp/hard\libc_nano.a(lib_a-findfp.o) (__retarget_lock_init_recursive)
c:/st/stm32cubeide_1.7.0/stm32cubeide/plugins/com.st.stm32cube.ide.mcu.externaltools.gnu-tools-for-stm32.9-2020-q2-update.win32_2.0.0.202105311346/tools/bin/../lib/gcc/arm-none-eabi/9.3.1/../../../../arm-none-eabi/lib/thumb/v7e-m+fp/hard\libc_nano.a(lib_a-memcpy-stub.o)
                              ./Drivers/VL53L0X_API/core/src/vl53l0x_api_calibration.o (memcpy)
c:/st/stm32cubeide_1.7.0/stm32cubeide/plugins/com.st.stm32cube.ide.mcu.externaltools.gnu-tools-for-stm32.9-2020-q2-update.win32_2.0.0.202105311346/tools/bin/../lib/gcc/arm-none-eabi/9.3.1/../../../../arm-none-eabi/lib/thumb/v7e-m+fp/hard\libc_nano.a(lib_a-memset.o)
                              c:/st/stm32cubeide_1.7.0/stm32cubeide/plugins/com.st.stm32cube.ide.mcu.externaltools.gnu-tools-for-stm32.9-2020-q2-update.win32_2.0.0.202105311346/tools/bin/../lib/gcc/arm-none-eabi/9.3.1/../../../../arm-none-eabi/lib/thumb/v7e-m+fp/hard/crt0.o (memset)
c:/st/stm32cubeide_1.7.0/stm32cubeide/plugins/com.st.stm32cube.ide.mcu.externaltools.gnu-tools-for-stm32.9-2020-q2-update.win32_2.0.0.202105311346/tools/bin/../lib/gcc/arm-none-eabi/9.3.1/../../../../arm-none-eabi/lib/thumb/v7e-m+fp/hard\libc_nano.a(lib_a-nano-mallocr.o)
[...]
Memory Configuration

Name             Origin             Length             Attributes
RAM              0x0000000020000000 0x0000000000020000 xrw
FLASH            0x0000000008000000 0x0000000000080000 xr
*default*        0x0000000000000000 0xffffffffffffffff

Linker script and memory map

LOAD c:/st/stm32cubeide_1.7.0/stm32cubeide/plugins/com.st.stm32cube.ide.mcu.externaltools.gnu-tools-for-stm32.9-2020-q2-update.win32_2.0.0.202105311346/tools/bin/../lib/gcc/arm-none-eabi/9.3.1/thumb/v7e-m+fp/hard/crti.o
LOAD c:/st/stm32cubeide_1.7.0/stm32cubeide/plugins/com.st.stm32cube.ide.mcu.externaltools.gnu-tools-for-stm32.9-2020-q2-update.win32_2.0.0.202105311346/tools/bin/../lib/gcc/arm-none-eabi/9.3.1/thumb/v7e-m+fp/hard/crtbegin.o
LOAD c:/st/stm32cubeide_1.7.0/stm32cubeide/plugins/com.st.stm32cube.ide.mcu.externaltools.gnu-tools-for-stm32.9-2020-q2-update.win32_2.0.0.202105311346/tools/bin/../lib/gcc/arm-none-eabi/9.3.1/../../../../arm-none-eabi/lib/thumb/v7e-m+fp/hard/crt0.o
LOAD ./Core/Src/BOTterfly-C/photodiodes.o
LOAD ./Core/Src/BOTterfly-C/rgb_sensor.o
LOAD ./Core/Src/BOTterfly-C/tof_sensor.o
LOAD ./Core/Src/adc.o
LOAD ./Core/Src/dma.o
LOAD ./Core/Src/freertos.o
LOAD ./Core/Src/gpio.o
LOAD ./Core/Src/i2c.o
LOAD ./Core/Src/main.o
LOAD ./Core/Src/stm32f4xx_hal_msp.o
LOAD ./Core/Src/stm32f4xx_hal_timebase_tim.o
LOAD ./Core/Src/stm32f4xx_it.o
LOAD ./Core/Src/syscalls.o
LOAD ./Core/Src/sysmem.o
LOAD ./Core/Src/system_stm32f4xx.o
LOAD ./Core/Src/tim.o
LOAD ./Core/Src/usart.o
LOAD ./Core/Startup/startup_stm32f446retx.o
LOAD ./Drivers/STM32F4xx_HAL_Driver/Src/stm32f4xx_hal.o
LOAD ./Drivers/STM32F4xx_HAL_Driver/Src/stm32f4xx_hal_adc.o
LOAD ./Drivers/STM32F4xx_HAL_Driver/Src/stm32f4xx_hal_adc_ex.o
LOAD ./Drivers/STM32F4xx_HAL_Driver/Src/stm32f4xx_hal_cortex.o
LOAD ./Drivers/STM32F4xx_HAL_Driver/Src/stm32f4xx_hal_dma.o
LOAD ./Drivers/STM32F4xx_HAL_Driver/Src/stm32f4xx_hal_dma_ex.o
LOAD ./Drivers/STM32F4xx_HAL_Driver/Src/stm32f4xx_hal_exti.o
LOAD ./Drivers/STM32F4xx_HAL_Driver/Src/stm32f4xx_hal_flash.o
LOAD ./Drivers/STM32F4xx_HAL_Driver/Src/stm32f4xx_hal_flash_ex.o
LOAD ./Drivers/STM32F4xx_HAL_Driver/Src/stm32f4xx_hal_flash_ramfunc.o
LOAD ./Drivers/STM32F4xx_HAL_Driver/Src/stm32f4xx_hal_gpio.o
LOAD ./Drivers/STM32F4xx_HAL_Driver/Src/stm32f4xx_hal_i2c.o
LOAD ./Drivers/STM32F4xx_HAL_Driver/Src/stm32f4xx_hal_i2c_ex.o
LOAD ./Drivers/STM32F4xx_HAL_Driver/Src/stm32f4xx_hal_pwr.o
LOAD ./Drivers/STM32F4xx_HAL_Driver/Src/stm32f4xx_hal_pwr_ex.o
LOAD ./Drivers/STM32F4xx_HAL_Driver/Src/stm32f4xx_hal_rcc.o
LOAD ./Drivers/STM32F4xx_HAL_Driver/Src/stm32f4xx_hal_rcc_ex.o
LOAD ./Drivers/STM32F4xx_HAL_Driver/Src/stm32f4xx_hal_tim.o
LOAD ./Drivers/STM32F4xx_HAL_Driver/Src/stm32f4xx_hal_tim_ex.o
LOAD ./Drivers/STM32F4xx_HAL_Driver/Src/stm32f4xx_hal_uart.o
LOAD ./Drivers/STM32F4xx_HAL_Driver/Src/stm32f4xx_ll_adc.o
LOAD ./Drivers/VL53L0X_API/core/src/vl53l0x_api.o
LOAD ./Drivers/VL53L0X_API/core/src/vl53l0x_api_calibration.o
LOAD ./Drivers/VL53L0X_API/core/src/vl53l0x_api_core.o
LOAD ./Drivers/VL53L0X_API/core/src/vl53l0x_api_ranging.o
LOAD ./Drivers/VL53L0X_API/core/src/vl53l0x_api_strings.o
LOAD ./Drivers/VL53L0X_API/platform/src/vl53l0x_platform.o
LOAD ./Middlewares/Third_Party/FreeRTOS/Source/CMSIS_RTOS/cmsis_os.o
LOAD ./Middlewares/Third_Party/FreeRTOS/Source/croutine.o
LOAD ./Middlewares/Third_Party/FreeRTOS/Source/event_groups.o
LOAD ./Middlewares/Third_Party/FreeRTOS/Source/list.o
LOAD ./Middlewares/Third_Party/FreeRTOS/Source/queue.o
LOAD ./Middlewares/Third_Party/FreeRTOS/Source/stream_buffer.o
LOAD ./Middlewares/Third_Party/FreeRTOS/Source/tasks.o
LOAD ./Middlewares/Third_Party/FreeRTOS/Source/timers.o
LOAD ./Middlewares/Third_Party/FreeRTOS/Source/portable/GCC/ARM_CM4F/port.o
LOAD ./Middlewares/Third_Party/FreeRTOS/Source/portable/MemMang/heap_4.o
START GROUP
LOAD c:/st/stm32cubeide_1.7.0/stm32cubeide/plugins/com.st.stm32cube.ide.mcu.externaltools.gnu-tools-for-stm32.9-2020-q2-update.win32_2.0.0.202105311346/tools/bin/../lib/gcc/arm-none-eabi/9.3.1/../../../../arm-none-eabi/lib/thumb/v7e-m+fp/hard\libc_nano.a
LOAD c:/st/stm32cubeide_1.7.0/stm32cubeide/plugins/com.st.stm32cube.ide.mcu.externaltools.gnu-tools-for-stm32.9-2020-q2-update.win32_2.0.0.202105311346/tools/bin/../lib/gcc/arm-none-eabi/9.3.1/../../../../arm-none-eabi/lib/thumb/v7e-m+fp/hard\libm.a
END GROUP
START GROUP
LOAD c:/st/stm32cubeide_1.7.0/stm32cubeide/plugins/com.st.stm32cube.ide.mcu.externaltools.gnu-tools-for-stm32.9-2020-q2-update.win32_2.0.0.202105311346/tools/bin/../lib/gcc/arm-none-eabi/9.3.1/thumb/v7e-m+fp/hard\libgcc.a
LOAD c:/st/stm32cubeide_1.7.0/stm32cubeide/plugins/com.st.stm32cube.ide.mcu.externaltools.gnu-tools-for-stm32.9-2020-q2-update.win32_2.0.0.202105311346/tools/bin/../lib/gcc/arm-none-eabi/9.3.1/../../../../arm-none-eabi/lib/thumb/v7e-m+fp/hard\libc_nano.a
END GROUP
START GROUP
LOAD c:/st/stm32cubeide_1.7.0/stm32cubeide/plugins/com.st.stm32cube.ide.mcu.externaltools.gnu-tools-for-stm32.9-2020-q2-update.win32_2.0.0.202105311346/tools/bin/../lib/gcc/arm-none-eabi/9.3.1/thumb/v7e-m+fp/hard\libgcc.a
LOAD c:/st/stm32cubeide_1.7.0/stm32cubeide/plugins/com.st.stm32cube.ide.mcu.externaltools.gnu-tools-for-stm32.9-2020-q2-update.win32_2.0.0.202105311346/tools/bin/../lib/gcc/arm-none-eabi/9.3.1/../../../../arm-none-eabi/lib/thumb/v7e-m+fp/hard\libc_nano.a
LOAD c:/st/stm32cubeide_1.7.0/stm32cubeide/plugins/com.st.stm32cube.ide.mcu.externaltools.gnu-tools-for-stm32.9-2020-q2-update.win32_2.0.0.202105311346/tools/bin/../lib/gcc/arm-none-eabi/9.3.1/../../../../arm-none-eabi/lib/thumb/v7e-m+fp/hard\libnosys.a
END GROUP
START GROUP
LOAD c:/st/stm32cubeide_1.7.0/stm32cubeide/plugins/com.st.stm32cube.ide.mcu.externaltools.gnu-tools-for-stm32.9-2020-q2-update.win32_2.0.0.202105311346/tools/bin/../lib/gcc/arm-none-eabi/9.3.1/thumb/v7e-m+fp/hard\libgcc.a
LOAD c:/st/stm32cubeide_1.7.0/stm32cubeide/plugins/com.st.stm32cube.ide.mcu.externaltools.gnu-tools-for-stm32.9-2020-q2-update.win32_2.0.0.202105311346/tools/bin/../lib/gcc/arm-none-eabi/9.3.1/../../../../arm-none-eabi/lib/thumb/v7e-m+fp/hard\libc_nano.a
LOAD c:/st/stm32cubeide_1.7.0/stm32cubeide/plugins/com.st.stm32cube.ide.mcu.externaltools.gnu-tools-for-stm32.9-2020-q2-update.win32_2.0.0.202105311346/tools/bin/../lib/gcc/arm-none-eabi/9.3.1/../../../../arm-none-eabi/lib/thumb/v7e-m+fp/hard\libnosys.a
END GROUP
LOAD c:/st/stm32cubeide_1.7.0/stm32cubeide/plugins/com.st.stm32cube.ide.mcu.externaltools.gnu-tools-for-stm32.9-2020-q2-update.win32_2.0.0.202105311346/tools/bin/../lib/gcc/arm-none-eabi/9.3.1/thumb/v7e-m+fp/hard/crtend.o
LOAD c:/st/stm32cubeide_1.7.0/stm32cubeide/plugins/com.st.stm32cube.ide.mcu.externaltools.gnu-tools-for-stm32.9-2020-q2-update.win32_2.0.0.202105311346/tools/bin/../lib/gcc/arm-none-eabi/9.3.1/thumb/v7e-m+fp/hard/crtn.o
                0x0000000020020000                _estack = (ORIGIN (RAM) + LENGTH (RAM))
                0x0000000000000200                _Min_Heap_Size = 0x200
                0x0000000000000400                _Min_Stack_Size = 0x400

.isr_vector     0x0000000008000000      0x1c4
                0x0000000008000000                . = ALIGN (0x4)
 *(.isr_vector)
 .isr_vector    0x0000000008000000      0x1c4 ./Core/Startup/startup_stm32f446retx.o
                0x0000000008000000                g_pfnVectors
                0x00000000080001c4                . = ALIGN (0x4)

.text           0x00000000080001d0    0x123ac
                0x00000000080001d0                . = ALIGN (0x4)
 *(.text)
 .text          0x00000000080001d0       0x40 c:/st/stm32cubeide_1.7.0/stm32cubeide/plugins/com.st.stm32cube.ide.mcu.externaltools.gnu-tools-for-stm32.9-2020-q2-update.win32_2.0.0.202105311346/tools/bin/../lib/gcc/arm-none-eabi/9.3.1/thumb/v7e-m+fp/hard/crtbegin.o
 .text          0x0000000008000210       0xa0 c:/st/stm32cubeide_1.7.0/stm32cubeide/plugins/com.st.stm32cube.ide.mcu.externaltools.gnu-tools-for-stm32.9-2020-q2-update.win32_2.0.0.202105311346/tools/bin/../lib/gcc/arm-none-eabi/9.3.1/../../../../arm-none-eabi/lib/thumb/v7e-m+fp/hard\libc_nano.a(lib_a-memchr.o)
                0x0000000008000210                memchr
 .text          0x00000000080002b0      0x378 c:/st/stm32cubeide_1.7.0/stm32cubeide/plugins/com.st.stm32cube.ide.mcu.externaltools.gnu-tools-for-stm32.9-2020-q2-update.win32_2.0.0.202105311346/tools/bin/../lib/gcc/arm-none-eabi/9.3.1/thumb/v7e-m+fp/hard\libgcc.a(_arm_addsubdf3.o)
                0x00000000080002b0                __aeabi_drsub
                0x00000000080002b8                __aeabi_dsub
                0x00000000080002b8                __subdf3
                0x00000000080002bc                __aeabi_dadd
                0x00000000080002bc                __adddf3
                0x0000000008000534                __floatunsidf
                0x0000000008000534                __aeabi_ui2d
                0x0000000008000554                __floatsidf
                0x0000000008000554                __aeabi_i2d
                0x0000000008000578                __aeabi_f2d
                0x0000000008000578                __extendsfdf2
                0x00000000080005bc                __floatundidf
                0x00000000080005bc                __aeabi_ul2d
                0x00000000080005cc                __floatdidf
                0x00000000080005cc                __aeabi_l2d
 .text          0x0000000008000628      0x424 c:/st/stm32cubeide_1.7.0/stm32cubeide/plugins/com.st.stm32cube.ide.mcu.externaltools.gnu-tools-for-stm32.9-2020-q2-update.win32_2.0.0.202105311346/tools/bin/../lib/gcc/arm-none-eabi/9.3.1/thumb/v7e-m+fp/hard\libgcc.a(_arm_muldivdf3.o)
                0x0000000008000628                __aeabi_dmul
                0x0000000008000628                __muldf3
                0x000000000800087c                __divdf3
                0x000000000800087c                __aeabi_ddiv
 .text          0x0000000008000a4c      0x110 c:/st/stm32cubeide_1.7.0/stm32cubeide/plugins/com.st.stm32cube.ide.mcu.externaltools.gnu-tools-for-stm32.9-2020-q2-update.win32_2.0.0.202105311346/tools/bin/../lib/gcc/arm-none-eabi/9.3.1/thumb/v7e-m+fp/hard\libgcc.a(_arm_cmpdf2.o)
                0x0000000008000a4c                __gtdf2
                0x0000000008000a4c                __gedf2
                0x0000000008000a54                __ltdf2
                0x0000000008000a54                __ledf2
                0x0000000008000a5c                __nedf2
                0x0000000008000a5c                __eqdf2
                0x0000000008000a5c                __cmpdf2
                0x0000000008000ad8                __aeabi_cdrcmple
                0x0000000008000ae8                __aeabi_cdcmpeq
                0x0000000008000ae8                __aeabi_cdcmple
                0x0000000008000af8                __aeabi_dcmpeq
                0x0000000008000b0c                __aeabi_dcmplt
                0x0000000008000b20                __aeabi_dcmple
                0x0000000008000b34                __aeabi_dcmpge
                0x0000000008000b48                __aeabi_dcmpgt
 .text          0x0000000008000b5c       0x50 c:/st/stm32cubeide_1.7.0/stm32cubeide/plugins/com.st.stm32cube.ide.mcu.externaltools.gnu-tools-for-stm32.9-2020-q2-update.win32_2.0.0.202105311346/tools/bin/../lib/gcc/arm-none-eabi/9.3.1/thumb/v7e-m+fp/hard\libgcc.a(_arm_fixdfsi.o)
                0x0000000008000b5c                __aeabi_d2iz
                0x0000000008000b5c                __fixdfsi
 .text          0x0000000008000bac       0x40 c:/st/stm32cubeide_1.7.0/stm32cubeide/plugins/com.st.stm32cube.ide.mcu.externaltools.gnu-tools-for-stm32.9-2020-q2-update.win32_2.0.0.202105311346/tools/bin/../lib/gcc/arm-none-eabi/9.3.1/thumb/v7e-m+fp/hard\libgcc.a(_arm_fixunsdfsi.o)
                0x0000000008000bac                __aeabi_d2uiz
                0x0000000008000bac                __fixunsdfsi
 .text          0x0000000008000bec       0x30 c:/st/stm32cubeide_1.7.0/stm32cubeide/plugins/com.st.stm32cube.ide.mcu.externaltools.gnu-tools-for-stm32.9-2020-q2-update.win32_2.0.0.202105311346/tools/bin/../lib/gcc/arm-none-eabi/9.3.1/thumb/v7e-m+fp/hard\libgcc.a(_aeabi_uldivmod.o)
                0x0000000008000bec                __aeabi_uldivmod
 .text          0x0000000008000c1c      0x2c4 c:/st/stm32cubeide_1.7.0/stm32cubeide/plugins/com.st.stm32cube.ide.mcu.externaltools.gnu-tools-for-stm32.9-2020-q2-update.win32_2.0.0.202105311346/tools/bin/../lib/gcc/arm-none-eabi/9.3.1/thumb/v7e-m+fp/hard\libgcc.a(_udivmoddi4.o)
                0x0000000008000c1c                __udivmoddi4
 .text          0x0000000008000ee0        0x4 c:/st/stm32cubeide_1.7.0/stm32cubeide/plugins/com.st.stm32cube.ide.mcu.externaltools.gnu-tools-for-stm32.9-2020-q2-update.win32_2.0.0.202105311346/tools/bin/../lib/gcc/arm-none-eabi/9.3.1/thumb/v7e-m+fp/hard\libgcc.a(_dvmd_tls.o)
                0x0000000008000ee0                __aeabi_idiv0
                0x0000000008000ee0                __aeabi_ldiv0
 *(.text*)
 .text.Ph_Init  0x0000000008000ee4       0x78 ./Core/Src/BOTterfly-C/photodiodes.o
                0x0000000008000ee4                Ph_Init
 .text.Ph_GetMeasure
                0x0000000008000f5c       0x20 ./Core/Src/BOTterfly-C/photodiodes.o
                0x0000000008000f5c                Ph_GetMeasure
 .text.Ph_GetValues
                0x0000000008000f7c       0x64 ./Core/Src/BOTterfly-C/photodiodes.o
                0x0000000008000f7c                Ph_GetValues
 .text.Ph_GetAverageN
                0x0000000008000fe0       0xba ./Core/Src/BOTterfly-C/photodiodes.o
                0x0000000008000fe0                Ph_GetAverageN
 *fill*         0x000000000800109a        0x2 
 .text.Ph_Treatment
                0x000000000800109c      0x144 ./Core/Src/BOTterfly-C/photodiodes.o
                0x000000000800109c                Ph_Treatment
 .text.Ph_GetBestAngle
                0x00000000080011e0       0xd0 ./Core/Src/BOTterfly-C/photodiodes.o
                0x00000000080011e0                Ph_GetBestAngle
 .text.Ph_GetBestAngleAncien
                0x00000000080012b0      0x162 ./Core/Src/BOTterfly-C/photodiodes.o
                0x00000000080012b0                Ph_GetBestAngleAncien
 *fill*         0x0000000008001412        0x6 
 .text.Ph_GetNorma
                0x0000000008001418      0x104 ./Core/Src/BOTterfly-C/photodiodes.o
                0x0000000008001418                Ph_GetNorma
 .text.RGB_Init_SetTimer
                0x000000000800151c       0x26 ./Core/Src/BOTterfly-C/rgb_sensor.o
                0x000000000800151c                RGB_Init_SetTimer
 .text.RGB_Init_SetParamGPIOs
                0x0000000008001542       0x36 ./Core/Src/BOTterfly-C/rgb_sensor.o
                0x0000000008001542                RGB_Init_SetParamGPIOs
 .text.RGB_Init_SetOutFreqGPIOs
                0x0000000008001578       0x36 ./Core/Src/BOTterfly-C/rgb_sensor.o
                0x0000000008001578                RGB_Init_SetOutFreqGPIOs
 .text.RGB_Init_SetColorFilterGPIOs
                0x00000000080015ae       0x36 ./Core/Src/BOTterfly-C/rgb_sensor.o
                0x00000000080015ae                RGB_Init_SetColorFilterGPIOs
 .text.RGB_Init
                0x00000000080015e4       0x8e ./Core/Src/BOTterfly-C/rgb_sensor.o
                0x00000000080015e4                RGB_Init
 *fill*         0x0000000008001672        0x2 
 .text.RGB_SetFilter
                0x0000000008001674       0xd8 ./Core/Src/BOTterfly-C/rgb_sensor.o
                0x0000000008001674                RGB_SetFilter
 .text.RGB_SetOFscaling
                0x000000000800174c       0xd0 ./Core/Src/BOTterfly-C/rgb_sensor.o
                0x000000000800174c                RGB_SetOFscaling
 .text.RGB_IsTheFloorRed
                0x000000000800181c      0x198 ./Core/Src/BOTterfly-C/rgb_sensor.o
                0x000000000800181c                RGB_IsTheFloorRed
 .text.TOF_Init_SetI2C
                0x00000000080019b4       0x2c ./Core/Src/BOTterfly-C/tof_sensor.o
                0x00000000080019b4                TOF_Init_SetI2C
 .text.TOF_Init_SetGPIOs
                0x00000000080019e0       0x3e ./Core/Src/BOTterfly-C/tof_sensor.o
                0x00000000080019e0                TOF_Init_SetGPIOs
 .text.TOF_Init_SetEXTI
                0x0000000008001a1e       0x22 ./Core/Src/BOTterfly-C/tof_sensor.o
                0x0000000008001a1e                TOF_Init_SetEXTI
 .text.TOF_Init
                0x0000000008001a40      0x15e ./Core/Src/BOTterfly-C/tof_sensor.o
                0x0000000008001a40                TOF_Init
 .text.TOF_InitializationFlow
                0x0000000008001b9e       0x44 ./Core/Src/BOTterfly-C/tof_sensor.o
                0x0000000008001b9e                TOF_InitializationFlow
 *fill*         0x0000000008001be2        0x2 
 .text.TOF_Initialization
                0x0000000008001be4       0x5c ./Core/Src/BOTterfly-C/tof_sensor.o
                0x0000000008001be4                TOF_Initialization
 .text.TOF_Calibration
                0x0000000008001c40       0x80 ./Core/Src/BOTterfly-C/tof_sensor.o
                0x0000000008001c40                TOF_Calibration
 .text.TOF_Settings
                0x0000000008001cc0       0x6c ./Core/Src/BOTterfly-C/tof_sensor.o
                0x0000000008001cc0                TOF_Settings
 .text.TOF_SetDeviceAddr
                0x0000000008001d2c       0x48 ./Core/Src/BOTterfly-C/tof_sensor.o
                0x0000000008001d2c                TOF_SetDeviceAddr
 .text.TOF_SetDistance_mm
                0x0000000008001d74       0x2e ./Core/Src/BOTterfly-C/tof_sensor.o
                0x0000000008001d74                TOF_SetDistance_mm
 *fill*         0x0000000008001da2        0x2 
 .text.MX_ADC1_Init
                0x0000000008001da4       0xf8 ./Core/Src/adc.o
                0x0000000008001da4                MX_ADC1_Init
 .text.HAL_ADC_MspInit
                0x0000000008001e9c      0x128 ./Core/Src/adc.o
                0x0000000008001e9c                HAL_ADC_MspInit
 .text.MX_DMA_Init
                0x0000000008001fc4       0x40 ./Core/Src/dma.o
                0x0000000008001fc4                MX_DMA_Init
 .text.vApplicationGetIdleTaskMemory
                0x0000000008002004       0x34 ./Core/Src/freertos.o
                0x0000000008002004                vApplicationGetIdleTaskMemory
 .text.MX_FREERTOS_Init
                0x0000000008002038       0x38 ./Core/Src/freertos.o
                0x0000000008002038                MX_FREERTOS_Init
 .text.StartDefaultTask
                0x0000000008002070       0x10 ./Core/Src/freertos.o
                0x0000000008002070                StartDefaultTask
 .text.MX_GPIO_Init
                0x0000000008002080      0x1a0 ./Core/Src/gpio.o
                0x0000000008002080                MX_GPIO_Init
 .text.MX_I2C1_Init
                0x0000000008002220       0x5c ./Core/Src/i2c.o
                0x0000000008002220                MX_I2C1_Init
 .text.HAL_I2C_MspInit
                0x000000000800227c       0x90 ./Core/Src/i2c.o
                0x000000000800227c                HAL_I2C_MspInit
 .text.vTaskSync
                0x000000000800230c      0x1a8 ./Core/Src/main.o
                0x000000000800230c                vTaskSync
 .text.vTaskControl
                0x00000000080024b4      0x118 ./Core/Src/main.o
                0x00000000080024b4                vTaskControl
 .text.vTaskToF
                0x00000000080025cc       0xc0 ./Core/Src/main.o
                0x00000000080025cc                vTaskToF
 .text.vTaskPhotodiodes
                0x000000000800268c       0x34 ./Core/Src/main.o
                0x000000000800268c                vTaskPhotodiodes
 .text.vTaskCouleur
                0x00000000080026c0       0x68 ./Core/Src/main.o
                0x00000000080026c0                vTaskCouleur
 .text.main     0x0000000008002728      0x298 ./Core/Src/main.o
                0x0000000008002728                main
 .text.SystemClock_Config
                0x00000000080029c0       0xd8 ./Core/Src/main.o
                0x00000000080029c0                SystemClock_Config
 .text.HAL_TIM_IC_CaptureCallback
                0x0000000008002a98       0x88 ./Core/Src/main.o
                0x0000000008002a98                HAL_TIM_IC_CaptureCallback
 .text.HAL_GPIO_EXTI_Callback
                0x0000000008002b20       0x7c ./Core/Src/main.o
                0x0000000008002b20                HAL_GPIO_EXTI_Callback
 .text.__io_putchar
                0x0000000008002b9c       0x24 ./Core/Src/main.o
                0x0000000008002b9c                __io_putchar
 .text.HAL_TIM_PeriodElapsedCallback
                0x0000000008002bc0       0x24 ./Core/Src/main.o
                0x0000000008002bc0                HAL_TIM_PeriodElapsedCallback
 .text.Error_Handler
                0x0000000008002be4        0xa ./Core/Src/main.o
                0x0000000008002be4                Error_Handler
 *fill*         0x0000000008002bee        0x2 
 .text.HAL_MspInit
                0x0000000008002bf0       0x58 ./Core/Src/stm32f4xx_hal_msp.o
                0x0000000008002bf0                HAL_MspInit
 .text.HAL_InitTick
                0x0000000008002c48       0xb4 ./Core/Src/stm32f4xx_hal_timebase_tim.o
                0x0000000008002c48                HAL_InitTick
 .text.NMI_Handler
                0x0000000008002cfc        0x6 ./Core/Src/stm32f4xx_it.o
                0x0000000008002cfc                NMI_Handler
 .text.HardFault_Handler
                0x0000000008002d02        0x6 ./Core/Src/stm32f4xx_it.o
                0x0000000008002d02                HardFault_Handler
 .text.MemManage_Handler
                0x0000000008002d08        0x6 ./Core/Src/stm32f4xx_it.o
                0x0000000008002d08                MemManage_Handler
 .text.BusFault_Handler
                0x0000000008002d0e        0x6 ./Core/Src/stm32f4xx_it.o
                0x0000000008002d0e                BusFault_Handler
 .text.UsageFault_Handler
                0x0000000008002d14        0x6 ./Core/Src/stm32f4xx_it.o
                0x0000000008002d14                UsageFault_Handler
 .text.DebugMon_Handler
                0x0000000008002d1a        0xe ./Core/Src/stm32f4xx_it.o
                0x0000000008002d1a                DebugMon_Handler
 .text.EXTI0_IRQHandler
                0x0000000008002d28        0xe ./Core/Src/stm32f4xx_it.o
                0x0000000008002d28                EXTI0_IRQHandler
 .text.EXTI1_IRQHandler
                0x0000000008002d36        0xe ./Core/Src/stm32f4xx_it.o
                0x0000000008002d36                EXTI1_IRQHandler
 .text.USART2_IRQHandler
                0x0000000008002d44       0x14 ./Core/Src/stm32f4xx_it.o
                0x0000000008002d44                USART2_IRQHandler
 .text.EXTI15_10_IRQHandler
                0x0000000008002d58       0x18 ./Core/Src/stm32f4xx_it.o
                0x0000000008002d58                EXTI15_10_IRQHandler
 .text.TIM8_CC_IRQHandler
                0x0000000008002d70       0x14 ./Core/Src/stm32f4xx_it.o
                0x0000000008002d70                TIM8_CC_IRQHandler
 .text.TIM6_DAC_IRQHandler
                0x0000000008002d84       0x14 ./Core/Src/stm32f4xx_it.o
                0x0000000008002d84                TIM6_DAC_IRQHandler
 .text.DMA2_Stream0_IRQHandler
                0x0000000008002d98       0x14 ./Core/Src/stm32f4xx_it.o
                0x0000000008002d98                DMA2_Stream0_IRQHandler
 .text._read    0x0000000008002dac       0x3a ./Core/Src/syscalls.o
                0x0000000008002dac                _read
 .text._write   0x0000000008002de6       0x38 ./Core/Src/syscalls.o
                0x0000000008002de6                _write
 .text._close   0x0000000008002e1e       0x18 ./Core/Src/syscalls.o
                0x0000000008002e1e                _close
 .text._fstat   0x0000000008002e36       0x20 ./Core/Src/syscalls.o
                0x0000000008002e36                _fstat
 .text._isatty  0x0000000008002e56       0x16 ./Core/Src/syscalls.o
                0x0000000008002e56                _isatty
 .text._lseek   0x0000000008002e6c       0x1a ./Core/Src/syscalls.o
                0x0000000008002e6c                _lseek
 *fill*         0x0000000008002e86        0x2 
 .text._sbrk    0x0000000008002e88       0x6c ./Core/Src/sysmem.o
                0x0000000008002e88                _sbrk
 .text.SystemInit
                0x0000000008002ef4       0x24 ./Core/Src/system_stm32f4xx.o
                0x0000000008002ef4                SystemInit
 .text.MX_TIM1_Init
                0x0000000008002f18      0x158 ./Core/Src/tim.o
                0x0000000008002f18                MX_TIM1_Init
 .text.MX_TIM2_Init
                0x0000000008003070       0xa8 ./Core/Src/tim.o
                0x0000000008003070                MX_TIM2_Init
 .text.MX_TIM3_Init
                0x0000000008003118       0xa8 ./Core/Src/tim.o
                0x0000000008003118                MX_TIM3_Init
 .text.MX_TIM8_Init
                0x00000000080031c0       0xac ./Core/Src/tim.o
                0x00000000080031c0                MX_TIM8_Init
 .text.HAL_TIM_Base_MspInit
                0x000000000800326c       0x44 ./Core/Src/tim.o
                0x000000000800326c                HAL_TIM_Base_MspInit
 .text.HAL_TIM_Encoder_MspInit
                0x00000000080032b0       0xf4 ./Core/Src/tim.o
                0x00000000080032b0                HAL_TIM_Encoder_MspInit
 .text.HAL_TIM_IC_MspInit
                0x00000000080033a4       0xa0 ./Core/Src/tim.o
                0x00000000080033a4                HAL_TIM_IC_MspInit
 .text.HAL_TIM_MspPostInit
                0x0000000008003444       0x74 ./Core/Src/tim.o
                0x0000000008003444                HAL_TIM_MspPostInit
 .text.MX_USART2_UART_Init
                0x00000000080034b8       0x54 ./Core/Src/usart.o
                0x00000000080034b8                MX_USART2_UART_Init
 .text.HAL_UART_MspInit
                0x000000000800350c       0xa0 ./Core/Src/usart.o
                0x000000000800350c                HAL_UART_MspInit
 .text.Reset_Handler
                0x00000000080035ac       0x50 ./Core/Startup/startup_stm32f446retx.o
                0x00000000080035ac                Reset_Handler
 .text.Default_Handler
                0x00000000080035fc        0x2 ./Core/Startup/startup_stm32f446retx.o
                0x00000000080035fc                RTC_Alarm_IRQHandler
                0x00000000080035fc                EXTI2_IRQHandler
                0x00000000080035fc                FMPI2C1_EV_IRQHandler
                0x00000000080035fc                SPI4_IRQHandler
                0x00000000080035fc                TIM1_CC_IRQHandler
                0x00000000080035fc                DMA2_Stream5_IRQHandler
                0x00000000080035fc                DMA1_Stream5_IRQHandler
                0x00000000080035fc                PVD_IRQHandler
                0x00000000080035fc                SDIO_IRQHandler
                0x00000000080035fc                TAMP_STAMP_IRQHandler
                0x00000000080035fc                CAN2_RX1_IRQHandler
                0x00000000080035fc                EXTI3_IRQHandler
                0x00000000080035fc                TIM8_TRG_COM_TIM14_IRQHandler
                0x00000000080035fc                TIM1_UP_TIM10_IRQHandler
                0x00000000080035fc                TIM8_UP_TIM13_IRQHandler
                0x00000000080035fc                I2C3_ER_IRQHandler
                0x00000000080035fc                I2C2_EV_IRQHandler
                0x00000000080035fc                DMA1_Stream2_IRQHandler
                0x00000000080035fc                CAN1_RX0_IRQHandler
                0x00000000080035fc                FPU_IRQHandler
                0x00000000080035fc                OTG_HS_WKUP_IRQHandler
                0x00000000080035fc                CAN2_SCE_IRQHandler
                0x00000000080035fc                DMA2_Stream2_IRQHandler
                0x00000000080035fc                SPI1_IRQHandler
                0x00000000080035fc                TIM1_BRK_TIM9_IRQHandler
                0x00000000080035fc                DCMI_IRQHandler
                0x00000000080035fc                CAN2_RX0_IRQHandler
                0x00000000080035fc                DMA2_Stream3_IRQHandler
                0x00000000080035fc                SAI2_IRQHandler
                0x00000000080035fc                USART6_IRQHandler
                0x00000000080035fc                USART3_IRQHandler
                0x00000000080035fc                CAN1_RX1_IRQHandler
                0x00000000080035fc                UART5_IRQHandler
                0x00000000080035fc                TIM4_IRQHandler
                0x00000000080035fc                QUADSPI_IRQHandler
                0x00000000080035fc                I2C1_EV_IRQHandler
                0x00000000080035fc                DMA1_Stream6_IRQHandler
                0x00000000080035fc                DMA1_Stream1_IRQHandler
                0x00000000080035fc                UART4_IRQHandler
                0x00000000080035fc                TIM3_IRQHandler
                0x00000000080035fc                RCC_IRQHandler
                0x00000000080035fc                TIM8_BRK_TIM12_IRQHandler
                0x00000000080035fc                Default_Handler
                0x00000000080035fc                CEC_IRQHandler
                0x00000000080035fc                ADC_IRQHandler
                0x00000000080035fc                DMA1_Stream7_IRQHandler
                0x00000000080035fc                TIM7_IRQHandler
                0x00000000080035fc                CAN2_TX_IRQHandler
                0x00000000080035fc                TIM5_IRQHandler
                0x00000000080035fc                DMA2_Stream7_IRQHandler
                0x00000000080035fc                I2C3_EV_IRQHandler
                0x00000000080035fc                EXTI9_5_IRQHandler
                0x00000000080035fc                RTC_WKUP_IRQHandler
                0x00000000080035fc                SPDIF_RX_IRQHandler
                0x00000000080035fc                SPI2_IRQHandler
                0x00000000080035fc                OTG_HS_EP1_IN_IRQHandler
                0x00000000080035fc                DMA1_Stream0_IRQHandler
                0x00000000080035fc                CAN1_TX_IRQHandler
                0x00000000080035fc                FMPI2C1_ER_IRQHandler
                0x00000000080035fc                EXTI4_IRQHandler
                0x00000000080035fc                OTG_HS_EP1_OUT_IRQHandler
                0x00000000080035fc                WWDG_IRQHandler
                0x00000000080035fc                TIM2_IRQHandler
                0x00000000080035fc                OTG_FS_WKUP_IRQHandler
                0x00000000080035fc                TIM1_TRG_COM_TIM11_IRQHandler
                0x00000000080035fc                OTG_HS_IRQHandler
                0x00000000080035fc                I2C2_ER_IRQHandler
                0x00000000080035fc                DMA2_Stream1_IRQHandler
                0x00000000080035fc                CAN1_SCE_IRQHandler
                0x00000000080035fc                FLASH_IRQHandler
                0x00000000080035fc                DMA2_Stream4_IRQHandler
                0x00000000080035fc                USART1_IRQHandler
                0x00000000080035fc                OTG_FS_IRQHandler
                0x00000000080035fc                SPI3_IRQHandler
                0x00000000080035fc                DMA1_Stream4_IRQHandler
                0x00000000080035fc                I2C1_ER_IRQHandler
                0x00000000080035fc                FMC_IRQHandler
                0x00000000080035fc                DMA2_Stream6_IRQHandler
                0x00000000080035fc                SAI1_IRQHandler
                0x00000000080035fc                DMA1_Stream3_IRQHandler
 *fill*         0x00000000080035fe        0x2 
 .text.HAL_Init
                0x0000000008003600       0x44 ./Drivers/STM32F4xx_HAL_Driver/Src/stm32f4xx_hal.o
                0x0000000008003600                HAL_Init
 .text.HAL_IncTick
                0x0000000008003644       0x28 ./Drivers/STM32F4xx_HAL_Driver/Src/stm32f4xx_hal.o
                0x0000000008003644                HAL_IncTick
 .text.HAL_GetTick
                0x000000000800366c       0x18 ./Drivers/STM32F4xx_HAL_Driver/Src/stm32f4xx_hal.o
                0x000000000800366c                HAL_GetTick
 .text.HAL_Delay
                0x0000000008003684       0x48 ./Drivers/STM32F4xx_HAL_Driver/Src/stm32f4xx_hal.o
                0x0000000008003684                HAL_Delay
 .text.HAL_ADC_Init
                0x00000000080036cc       0x86 ./Drivers/STM32F4xx_HAL_Driver/Src/stm32f4xx_hal_adc.o
                0x00000000080036cc                HAL_ADC_Init
 *fill*         0x0000000008003752        0x2 
 .text.HAL_ADC_Start_DMA
                0x0000000008003754      0x220 ./Drivers/STM32F4xx_HAL_Driver/Src/stm32f4xx_hal_adc.o
                0x0000000008003754                HAL_ADC_Start_DMA
 .text.HAL_ADC_Stop_DMA
                0x0000000008003974       0xb4 ./Drivers/STM32F4xx_HAL_Driver/Src/stm32f4xx_hal_adc.o
                0x0000000008003974                HAL_ADC_Stop_DMA
 .text.HAL_ADC_ConvCpltCallback
                0x0000000008003a28       0x14 ./Drivers/STM32F4xx_HAL_Driver/Src/stm32f4xx_hal_adc.o
                0x0000000008003a28                HAL_ADC_ConvCpltCallback
 .text.HAL_ADC_ConvHalfCpltCallback
                0x0000000008003a3c       0x14 ./Drivers/STM32F4xx_HAL_Driver/Src/stm32f4xx_hal_adc.o
                0x0000000008003a3c                HAL_ADC_ConvHalfCpltCallback
 .text.HAL_ADC_ErrorCallback
                0x0000000008003a50       0x14 ./Drivers/STM32F4xx_HAL_Driver/Src/stm32f4xx_hal_adc.o
                0x0000000008003a50                HAL_ADC_ErrorCallback
 .text.HAL_ADC_ConfigChannel
                0x0000000008003a64      0x264 ./Drivers/STM32F4xx_HAL_Driver/Src/stm32f4xx_hal_adc.o
                0x0000000008003a64                HAL_ADC_ConfigChannel
 .text.ADC_Init
                0x0000000008003cc8      0x1f8 ./Drivers/STM32F4xx_HAL_Driver/Src/stm32f4xx_hal_adc.o
 .text.ADC_DMAConvCplt
                0x0000000008003ec0       0xba ./Drivers/STM32F4xx_HAL_Driver/Src/stm32f4xx_hal_adc.o
 .text.ADC_DMAHalfConvCplt
                0x0000000008003f7a       0x1c ./Drivers/STM32F4xx_HAL_Driver/Src/stm32f4xx_hal_adc.o
 .text.ADC_DMAError
                0x0000000008003f96       0x2e ./Drivers/STM32F4xx_HAL_Driver/Src/stm32f4xx_hal_adc.o
 .text.__NVIC_SetPriorityGrouping
                0x0000000008003fc4       0x48 ./Drivers/STM32F4xx_HAL_Driver/Src/stm32f4xx_hal_cortex.o
 .text.__NVIC_GetPriorityGrouping
                0x000000000800400c       0x1c ./Drivers/STM32F4xx_HAL_Driver/Src/stm32f4xx_hal_cortex.o
 .text.__NVIC_EnableIRQ
                0x0000000008004028       0x3c ./Drivers/STM32F4xx_HAL_Driver/Src/stm32f4xx_hal_cortex.o
 .text.__NVIC_DisableIRQ
                0x0000000008004064       0x48 ./Drivers/STM32F4xx_HAL_Driver/Src/stm32f4xx_hal_cortex.o
 .text.__NVIC_SetPriority
                0x00000000080040ac       0x54 ./Drivers/STM32F4xx_HAL_Driver/Src/stm32f4xx_hal_cortex.o
 .text.NVIC_EncodePriority
                0x0000000008004100       0x66 ./Drivers/STM32F4xx_HAL_Driver/Src/stm32f4xx_hal_cortex.o
 .text.HAL_NVIC_SetPriorityGrouping
                0x0000000008004166       0x16 ./Drivers/STM32F4xx_HAL_Driver/Src/stm32f4xx_hal_cortex.o
                0x0000000008004166                HAL_NVIC_SetPriorityGrouping
 .text.HAL_NVIC_SetPriority
                0x000000000800417c       0x38 ./Drivers/STM32F4xx_HAL_Driver/Src/stm32f4xx_hal_cortex.o
                0x000000000800417c                HAL_NVIC_SetPriority
 .text.HAL_NVIC_EnableIRQ
                0x00000000080041b4       0x1c ./Drivers/STM32F4xx_HAL_Driver/Src/stm32f4xx_hal_cortex.o
                0x00000000080041b4                HAL_NVIC_EnableIRQ
 .text.HAL_NVIC_DisableIRQ
                0x00000000080041d0       0x1c ./Drivers/STM32F4xx_HAL_Driver/Src/stm32f4xx_hal_cortex.o
                0x00000000080041d0                HAL_NVIC_DisableIRQ
 .text.HAL_DMA_Init
                0x00000000080041ec      0x15c ./Drivers/STM32F4xx_HAL_Driver/Src/stm32f4xx_hal_dma.o
                0x00000000080041ec                HAL_DMA_Init
 .text.HAL_DMA_Start_IT
                0x0000000008004348       0xb0 ./Drivers/STM32F4xx_HAL_Driver/Src/stm32f4xx_hal_dma.o
                0x0000000008004348                HAL_DMA_Start_IT
 .text.HAL_DMA_Abort
                0x00000000080043f8       0xe0 ./Drivers/STM32F4xx_HAL_Driver/Src/stm32f4xx_hal_dma.o
                0x00000000080043f8                HAL_DMA_Abort
 .text.HAL_DMA_Abort_IT
                0x00000000080044d8       0x44 ./Drivers/STM32F4xx_HAL_Driver/Src/stm32f4xx_hal_dma.o
                0x00000000080044d8                HAL_DMA_Abort_IT
 .text.HAL_DMA_IRQHandler
                0x000000000800451c      0x314 ./Drivers/STM32F4xx_HAL_Driver/Src/stm32f4xx_hal_dma.o
                0x000000000800451c                HAL_DMA_IRQHandler
 .text.DMA_SetConfig
                0x0000000008004830       0x5c ./Drivers/STM32F4xx_HAL_Driver/Src/stm32f4xx_hal_dma.o
 .text.DMA_CalcBaseAndBitshift
                0x000000000800488c       0x6c ./Drivers/STM32F4xx_HAL_Driver/Src/stm32f4xx_hal_dma.o
 .text.DMA_CheckFifoParam
                0x00000000080048f8       0xf8 ./Drivers/STM32F4xx_HAL_Driver/Src/stm32f4xx_hal_dma.o
 .text.HAL_GPIO_Init
                0x00000000080049f0      0x328 ./Drivers/STM32F4xx_HAL_Driver/Src/stm32f4xx_hal_gpio.o
                0x00000000080049f0                HAL_GPIO_Init
 .text.HAL_GPIO_WritePin
                0x0000000008004d18       0x32 ./Drivers/STM32F4xx_HAL_Driver/Src/stm32f4xx_hal_gpio.o
                0x0000000008004d18                HAL_GPIO_WritePin
 *fill*         0x0000000008004d4a        0x2 
 .text.HAL_GPIO_EXTI_IRQHandler
                0x0000000008004d4c       0x30 ./Drivers/STM32F4xx_HAL_Driver/Src/stm32f4xx_hal_gpio.o
                0x0000000008004d4c                HAL_GPIO_EXTI_IRQHandler
 .text.HAL_I2C_Init
                0x0000000008004d7c      0x288 ./Drivers/STM32F4xx_HAL_Driver/Src/stm32f4xx_hal_i2c.o
                0x0000000008004d7c                HAL_I2C_Init
 .text.HAL_I2C_Master_Transmit
                0x0000000008005004      0x1fc ./Drivers/STM32F4xx_HAL_Driver/Src/stm32f4xx_hal_i2c.o
                0x0000000008005004                HAL_I2C_Master_Transmit
 .text.HAL_I2C_Master_Receive
                0x0000000008005200      0x44c ./Drivers/STM32F4xx_HAL_Driver/Src/stm32f4xx_hal_i2c.o
                0x0000000008005200                HAL_I2C_Master_Receive
 .text.I2C_MasterRequestWrite
                0x000000000800564c      0x104 ./Drivers/STM32F4xx_HAL_Driver/Src/stm32f4xx_hal_i2c.o
 .text.I2C_MasterRequestRead
                0x0000000008005750      0x19c ./Drivers/STM32F4xx_HAL_Driver/Src/stm32f4xx_hal_i2c.o
 .text.I2C_WaitOnFlagUntilTimeout
                0x00000000080058ec       0xae ./Drivers/STM32F4xx_HAL_Driver/Src/stm32f4xx_hal_i2c.o
 .text.I2C_WaitOnMasterAddressFlagUntilTimeout
                0x000000000800599a       0xfe ./Drivers/STM32F4xx_HAL_Driver/Src/stm32f4xx_hal_i2c.o
 .text.I2C_WaitOnTXEFlagUntilTimeout
                0x0000000008005a98       0x82 ./Drivers/STM32F4xx_HAL_Driver/Src/stm32f4xx_hal_i2c.o
 .text.I2C_WaitOnBTFFlagUntilTimeout
                0x0000000008005b1a       0x82 ./Drivers/STM32F4xx_HAL_Driver/Src/stm32f4xx_hal_i2c.o
 .text.I2C_WaitOnRXNEFlagUntilTimeout
                0x0000000008005b9c       0xac ./Drivers/STM32F4xx_HAL_Driver/Src/stm32f4xx_hal_i2c.o
 .text.I2C_IsAcknowledgeFailed
                0x0000000008005c48       0x5e ./Drivers/STM32F4xx_HAL_Driver/Src/stm32f4xx_hal_i2c.o
 *fill*         0x0000000008005ca6        0x2 
 .text.HAL_RCC_ClockConfig
                0x0000000008005ca8      0x1cc ./Drivers/STM32F4xx_HAL_Driver/Src/stm32f4xx_hal_rcc.o
                0x0000000008005ca8                HAL_RCC_ClockConfig
 .text.HAL_RCC_GetHCLKFreq
                0x0000000008005e74       0x18 ./Drivers/STM32F4xx_HAL_Driver/Src/stm32f4xx_hal_rcc.o
                0x0000000008005e74                HAL_RCC_GetHCLKFreq
 .text.HAL_RCC_GetPCLK1Freq
                0x0000000008005e8c       0x28 ./Drivers/STM32F4xx_HAL_Driver/Src/stm32f4xx_hal_rcc.o
                0x0000000008005e8c                HAL_RCC_GetPCLK1Freq
 .text.HAL_RCC_GetPCLK2Freq
                0x0000000008005eb4       0x28 ./Drivers/STM32F4xx_HAL_Driver/Src/stm32f4xx_hal_rcc.o
                0x0000000008005eb4                HAL_RCC_GetPCLK2Freq
 .text.HAL_RCC_GetClockConfig
                0x0000000008005edc       0x64 ./Drivers/STM32F4xx_HAL_Driver/Src/stm32f4xx_hal_rcc.o
                0x0000000008005edc                HAL_RCC_GetClockConfig
 .text.HAL_RCC_GetSysClockFreq
                0x0000000008005f40      0x364 ./Drivers/STM32F4xx_HAL_Driver/Src/stm32f4xx_hal_rcc_ex.o
                0x0000000008005f40                HAL_RCC_GetSysClockFreq
 .text.HAL_RCC_OscConfig
                0x00000000080062a4      0x53c ./Drivers/STM32F4xx_HAL_Driver/Src/stm32f4xx_hal_rcc_ex.o
                0x00000000080062a4                HAL_RCC_OscConfig
 .text.HAL_TIM_Base_Init
                0x00000000080067e0       0x9e ./Drivers/STM32F4xx_HAL_Driver/Src/stm32f4xx_hal_tim.o
                0x00000000080067e0                HAL_TIM_Base_Init
 *fill*         0x000000000800687e        0x2 
 .text.HAL_TIM_Base_Start_IT
                0x0000000008006880       0xe0 ./Drivers/STM32F4xx_HAL_Driver/Src/stm32f4xx_hal_tim.o
                0x0000000008006880                HAL_TIM_Base_Start_IT
 .text.HAL_TIM_PWM_Init
                0x0000000008006960       0x9e ./Drivers/STM32F4xx_HAL_Driver/Src/stm32f4xx_hal_tim.o
                0x0000000008006960                HAL_TIM_PWM_Init
 .text.HAL_TIM_PWM_MspInit
                0x00000000080069fe       0x14 ./Drivers/STM32F4xx_HAL_Driver/Src/stm32f4xx_hal_tim.o
                0x00000000080069fe                HAL_TIM_PWM_MspInit
 .text.HAL_TIM_IC_Init
                0x0000000008006a12       0x9e ./Drivers/STM32F4xx_HAL_Driver/Src/stm32f4xx_hal_tim.o
                0x0000000008006a12                HAL_TIM_IC_Init
 .text.HAL_TIM_IC_Start_IT
                0x0000000008006ab0      0x250 ./Drivers/STM32F4xx_HAL_Driver/Src/stm32f4xx_hal_tim.o
                0x0000000008006ab0                HAL_TIM_IC_Start_IT
 .text.HAL_TIM_Encoder_Init
                0x0000000008006d00      0x14c ./Drivers/STM32F4xx_HAL_Driver/Src/stm32f4xx_hal_tim.o
                0x0000000008006d00                HAL_TIM_Encoder_Init
 .text.HAL_TIM_IRQHandler
                0x0000000008006e4c      0x210 ./Drivers/STM32F4xx_HAL_Driver/Src/stm32f4xx_hal_tim.o
                0x0000000008006e4c                HAL_TIM_IRQHandler
 .text.HAL_TIM_IC_ConfigChannel
                0x000000000800705c      0x138 ./Drivers/STM32F4xx_HAL_Driver/Src/stm32f4xx_hal_tim.o
                0x000000000800705c                HAL_TIM_IC_ConfigChannel
 .text.HAL_TIM_PWM_ConfigChannel
                0x0000000008007194      0x184 ./Drivers/STM32F4xx_HAL_Driver/Src/stm32f4xx_hal_tim.o
                0x0000000008007194                HAL_TIM_PWM_ConfigChannel
 .text.HAL_TIM_ConfigClockSource
                0x0000000008007318      0x18e ./Drivers/STM32F4xx_HAL_Driver/Src/stm32f4xx_hal_tim.o
                0x0000000008007318                HAL_TIM_ConfigClockSource
 *fill*         0x00000000080074a6        0x2 
 .text.HAL_TIM_ReadCapturedValue
                0x00000000080074a8       0x88 ./Drivers/STM32F4xx_HAL_Driver/Src/stm32f4xx_hal_tim.o
                0x00000000080074a8                HAL_TIM_ReadCapturedValue
 .text.HAL_TIM_OC_DelayElapsedCallback
                0x0000000008007530       0x14 ./Drivers/STM32F4xx_HAL_Driver/Src/stm32f4xx_hal_tim.o
                0x0000000008007530                HAL_TIM_OC_DelayElapsedCallback
 .text.HAL_TIM_PWM_PulseFinishedCallback
                0x0000000008007544       0x14 ./Drivers/STM32F4xx_HAL_Driver/Src/stm32f4xx_hal_tim.o
                0x0000000008007544                HAL_TIM_PWM_PulseFinishedCallback
 .text.HAL_TIM_TriggerCallback
                0x0000000008007558       0x14 ./Drivers/STM32F4xx_HAL_Driver/Src/stm32f4xx_hal_tim.o
                0x0000000008007558                HAL_TIM_TriggerCallback
 .text.TIM_Base_SetConfig
                0x000000000800756c      0x140 ./Drivers/STM32F4xx_HAL_Driver/Src/stm32f4xx_hal_tim.o
                0x000000000800756c                TIM_Base_SetConfig
 .text.TIM_OC1_SetConfig
                0x00000000080076ac       0xe0 ./Drivers/STM32F4xx_HAL_Driver/Src/stm32f4xx_hal_tim.o
 .text.TIM_OC2_SetConfig
                0x000000000800778c       0xec ./Drivers/STM32F4xx_HAL_Driver/Src/stm32f4xx_hal_tim.o
                0x000000000800778c                TIM_OC2_SetConfig
 .text.TIM_OC3_SetConfig
                0x0000000008007878       0xe8 ./Drivers/STM32F4xx_HAL_Driver/Src/stm32f4xx_hal_tim.o
 .text.TIM_OC4_SetConfig
                0x0000000008007960       0xac ./Drivers/STM32F4xx_HAL_Driver/Src/stm32f4xx_hal_tim.o
 .text.TIM_TI1_SetConfig
                0x0000000008007a0c       0xe8 ./Drivers/STM32F4xx_HAL_Driver/Src/stm32f4xx_hal_tim.o
                0x0000000008007a0c                TIM_TI1_SetConfig
 .text.TIM_TI1_ConfigInputStage
                0x0000000008007af4       0x5e ./Drivers/STM32F4xx_HAL_Driver/Src/stm32f4xx_hal_tim.o
 .text.TIM_TI2_SetConfig
                0x0000000008007b52       0x7a ./Drivers/STM32F4xx_HAL_Driver/Src/stm32f4xx_hal_tim.o
 .text.TIM_TI2_ConfigInputStage
                0x0000000008007bcc       0x60 ./Drivers/STM32F4xx_HAL_Driver/Src/stm32f4xx_hal_tim.o
 .text.TIM_TI3_SetConfig
                0x0000000008007c2c       0x78 ./Drivers/STM32F4xx_HAL_Driver/Src/stm32f4xx_hal_tim.o
 .text.TIM_TI4_SetConfig
                0x0000000008007ca4       0x7a ./Drivers/STM32F4xx_HAL_Driver/Src/stm32f4xx_hal_tim.o
 .text.TIM_ITRx_SetConfig
                0x0000000008007d1e       0x36 ./Drivers/STM32F4xx_HAL_Driver/Src/stm32f4xx_hal_tim.o
 .text.TIM_ETR_SetConfig
                0x0000000008007d54       0x40 ./Drivers/STM32F4xx_HAL_Driver/Src/stm32f4xx_hal_tim.o
                0x0000000008007d54                TIM_ETR_SetConfig
 .text.TIM_CCxChannelCmd
                0x0000000008007d94       0x4a ./Drivers/STM32F4xx_HAL_Driver/Src/stm32f4xx_hal_tim.o
                0x0000000008007d94                TIM_CCxChannelCmd
 *fill*         0x0000000008007dde        0x2 
 .text.HAL_TIMEx_MasterConfigSynchronization
                0x0000000008007de0       0xf8 ./Drivers/STM32F4xx_HAL_Driver/Src/stm32f4xx_hal_tim_ex.o
                0x0000000008007de0                HAL_TIMEx_MasterConfigSynchronization
 .text.HAL_TIMEx_ConfigBreakDeadTime
                0x0000000008007ed8       0xa4 ./Drivers/STM32F4xx_HAL_Driver/Src/stm32f4xx_hal_tim_ex.o
                0x0000000008007ed8                HAL_TIMEx_ConfigBreakDeadTime
 .text.HAL_TIMEx_CommutCallback
                0x0000000008007f7c       0x14 ./Drivers/STM32F4xx_HAL_Driver/Src/stm32f4xx_hal_tim_ex.o
                0x0000000008007f7c                HAL_TIMEx_CommutCallback
 .text.HAL_TIMEx_BreakCallback
                0x0000000008007f90       0x14 ./Drivers/STM32F4xx_HAL_Driver/Src/stm32f4xx_hal_tim_ex.o
                0x0000000008007f90                HAL_TIMEx_BreakCallback
 .text.HAL_UART_Init
                0x0000000008007fa4       0x9a ./Drivers/STM32F4xx_HAL_Driver/Src/stm32f4xx_hal_uart.o
                0x0000000008007fa4                HAL_UART_Init
 .text.HAL_UART_Transmit
                0x000000000800803e      0x124 ./Drivers/STM32F4xx_HAL_Driver/Src/stm32f4xx_hal_uart.o
                0x000000000800803e                HAL_UART_Transmit
 *fill*         0x0000000008008162        0x2 
 .text.HAL_UART_IRQHandler
                0x0000000008008164      0x51c ./Drivers/STM32F4xx_HAL_Driver/Src/stm32f4xx_hal_uart.o
                0x0000000008008164                HAL_UART_IRQHandler
 .text.HAL_UART_TxCpltCallback
                0x0000000008008680       0x14 ./Drivers/STM32F4xx_HAL_Driver/Src/stm32f4xx_hal_uart.o
                0x0000000008008680                HAL_UART_TxCpltCallback
 .text.HAL_UART_RxCpltCallback
                0x0000000008008694       0x14 ./Drivers/STM32F4xx_HAL_Driver/Src/stm32f4xx_hal_uart.o
                0x0000000008008694                HAL_UART_RxCpltCallback
 .text.HAL_UART_ErrorCallback
                0x00000000080086a8       0x14 ./Drivers/STM32F4xx_HAL_Driver/Src/stm32f4xx_hal_uart.o
                0x00000000080086a8                HAL_UART_ErrorCallback
 .text.HAL_UARTEx_RxEventCallback
                0x00000000080086bc       0x18 ./Drivers/STM32F4xx_HAL_Driver/Src/stm32f4xx_hal_uart.o
                0x00000000080086bc                HAL_UARTEx_RxEventCallback
 .text.UART_WaitOnFlagUntilTimeout
                0x00000000080086d4       0xdc ./Drivers/STM32F4xx_HAL_Driver/Src/stm32f4xx_hal_uart.o
 .text.UART_EndRxTransfer
                0x00000000080087b0       0xc6 ./Drivers/STM32F4xx_HAL_Driver/Src/stm32f4xx_hal_uart.o
 .text.UART_DMAAbortOnError
                0x0000000008008876       0x28 ./Drivers/STM32F4xx_HAL_Driver/Src/stm32f4xx_hal_uart.o
 .text.UART_Transmit_IT
                0x000000000800889e       0xa0 ./Drivers/STM32F4xx_HAL_Driver/Src/stm32f4xx_hal_uart.o
 .text.UART_EndTransmit_IT
                0x000000000800893e       0x30 ./Drivers/STM32F4xx_HAL_Driver/Src/stm32f4xx_hal_uart.o
 .text.UART_Receive_IT
                0x000000000800896e      0x176 ./Drivers/STM32F4xx_HAL_Driver/Src/stm32f4xx_hal_uart.o
 .text.UART_SetConfig
                0x0000000008008ae4      0x390 ./Drivers/STM32F4xx_HAL_Driver/Src/stm32f4xx_hal_uart.o
 .text.VL53L0X_GetOffsetCalibrationDataMicroMeter
                0x0000000008008e74       0x26 ./Drivers/VL53L0X_API/core/src/vl53l0x_api.o
                0x0000000008008e74                VL53L0X_GetOffsetCalibrationDataMicroMeter
 .text.VL53L0X_SetDeviceAddress
                0x0000000008008e9a       0x30 ./Drivers/VL53L0X_API/core/src/vl53l0x_api.o
                0x0000000008008e9a                VL53L0X_SetDeviceAddress
 *fill*         0x0000000008008eca        0x2 
 .text.VL53L0X_DataInit
                0x0000000008008ecc      0x2c8 ./Drivers/VL53L0X_API/core/src/vl53l0x_api.o
                0x0000000008008ecc                VL53L0X_DataInit
 .text.VL53L0X_StaticInit
                0x0000000008009194      0x304 ./Drivers/VL53L0X_API/core/src/vl53l0x_api.o
                0x0000000008009194                VL53L0X_StaticInit
 .text.VL53L0X_GetDeviceParameters
                0x0000000008009498      0x120 ./Drivers/VL53L0X_API/core/src/vl53l0x_api.o
                0x0000000008009498                VL53L0X_GetDeviceParameters
 .text.VL53L0X_SetDeviceMode
                0x00000000080095b8       0x58 ./Drivers/VL53L0X_API/core/src/vl53l0x_api.o
                0x00000000080095b8                VL53L0X_SetDeviceMode
 .text.VL53L0X_GetDeviceMode
                0x0000000008009610       0x26 ./Drivers/VL53L0X_API/core/src/vl53l0x_api.o
                0x0000000008009610                VL53L0X_GetDeviceMode
 .text.VL53L0X_GetFractionEnable
                0x0000000008009636       0x3e ./Drivers/VL53L0X_API/core/src/vl53l0x_api.o
                0x0000000008009636                VL53L0X_GetFractionEnable
 .text.VL53L0X_SetMeasurementTimingBudgetMicroSeconds
                0x0000000008009674       0x26 ./Drivers/VL53L0X_API/core/src/vl53l0x_api.o
                0x0000000008009674                VL53L0X_SetMeasurementTimingBudgetMicroSeconds
 .text.VL53L0X_GetMeasurementTimingBudgetMicroSeconds
                0x000000000800969a       0x26 ./Drivers/VL53L0X_API/core/src/vl53l0x_api.o
                0x000000000800969a                VL53L0X_GetMeasurementTimingBudgetMicroSeconds
 .text.VL53L0X_GetVcselPulsePeriod
                0x00000000080096c0       0x2e ./Drivers/VL53L0X_API/core/src/vl53l0x_api.o
                0x00000000080096c0                VL53L0X_GetVcselPulsePeriod
 *fill*         0x00000000080096ee        0x2 
 .text.VL53L0X_SetSequenceStepEnable
                0x00000000080096f0      0x144 ./Drivers/VL53L0X_API/core/src/vl53l0x_api.o
                0x00000000080096f0                VL53L0X_SetSequenceStepEnable
 .text.sequence_step_enabled
                0x0000000008009834       0xa4 ./Drivers/VL53L0X_API/core/src/vl53l0x_api.o
                0x0000000008009834                sequence_step_enabled
 .text.VL53L0X_GetSequenceStepEnables
                0x00000000080098d8       0xb0 ./Drivers/VL53L0X_API/core/src/vl53l0x_api.o
                0x00000000080098d8                VL53L0X_GetSequenceStepEnables
 .text.VL53L0X_GetInterMeasurementPeriodMilliSeconds
                0x0000000008009988       0x68 ./Drivers/VL53L0X_API/core/src/vl53l0x_api.o
                0x0000000008009988                VL53L0X_GetInterMeasurementPeriodMilliSeconds
 .text.VL53L0X_GetXTalkCompensationEnable
                0x00000000080099f0       0x2a ./Drivers/VL53L0X_API/core/src/vl53l0x_api.o
                0x00000000080099f0                VL53L0X_GetXTalkCompensationEnable
 .text.VL53L0X_GetXTalkCompensationRateMegaCps
                0x0000000008009a1a       0x66 ./Drivers/VL53L0X_API/core/src/vl53l0x_api.o
                0x0000000008009a1a                VL53L0X_GetXTalkCompensationRateMegaCps
 .text.VL53L0X_SetLimitCheckEnable
                0x0000000008009a80      0x118 ./Drivers/VL53L0X_API/core/src/vl53l0x_api.o
                0x0000000008009a80                VL53L0X_SetLimitCheckEnable
 .text.VL53L0X_GetLimitCheckEnable
                0x0000000008009b98       0x46 ./Drivers/VL53L0X_API/core/src/vl53l0x_api.o
                0x0000000008009b98                VL53L0X_GetLimitCheckEnable
 *fill*         0x0000000008009bde        0x2 
 .text.VL53L0X_SetLimitCheckValue
                0x0000000008009be0       0xc4 ./Drivers/VL53L0X_API/core/src/vl53l0x_api.o
                0x0000000008009be0                VL53L0X_SetLimitCheckValue
 .text.VL53L0X_GetLimitCheckValue
                0x0000000008009ca4      0x11c ./Drivers/VL53L0X_API/core/src/vl53l0x_api.o
                0x0000000008009ca4                VL53L0X_GetLimitCheckValue
 .text.VL53L0X_GetWrapAroundCheckEnable
                0x0000000008009dc0       0x64 ./Drivers/VL53L0X_API/core/src/vl53l0x_api.o
                0x0000000008009dc0                VL53L0X_GetWrapAroundCheckEnable
 .text.VL53L0X_PerformSingleMeasurement
                0x0000000008009e24       0x68 ./Drivers/VL53L0X_API/core/src/vl53l0x_api.o
                0x0000000008009e24                VL53L0X_PerformSingleMeasurement
 .text.VL53L0X_PerformRefCalibration
                0x0000000008009e8c       0x2c ./Drivers/VL53L0X_API/core/src/vl53l0x_api.o
                0x0000000008009e8c                VL53L0X_PerformRefCalibration
 .text.VL53L0X_CheckAndLoadInterruptSettings
                0x0000000008009eb8       0xcc ./Drivers/VL53L0X_API/core/src/vl53l0x_api.o
                0x0000000008009eb8                VL53L0X_CheckAndLoadInterruptSettings
 .text.VL53L0X_StartMeasurement
                0x0000000008009f84      0x184 ./Drivers/VL53L0X_API/core/src/vl53l0x_api.o
                0x0000000008009f84                VL53L0X_StartMeasurement
 .text.VL53L0X_GetMeasurementDataReady
                0x000000000800a108       0x80 ./Drivers/VL53L0X_API/core/src/vl53l0x_api.o
                0x000000000800a108                VL53L0X_GetMeasurementDataReady
 .text.VL53L0X_GetRangingMeasurementData
                0x000000000800a188      0x248 ./Drivers/VL53L0X_API/core/src/vl53l0x_api.o
                0x000000000800a188                VL53L0X_GetRangingMeasurementData
 .text.VL53L0X_PerformSingleRangingMeasurement
                0x000000000800a3d0       0x60 ./Drivers/VL53L0X_API/core/src/vl53l0x_api.o
                0x000000000800a3d0                VL53L0X_PerformSingleRangingMeasurement
 .text.VL53L0X_SetGpioConfig
                0x000000000800a430      0x248 ./Drivers/VL53L0X_API/core/src/vl53l0x_api.o
                0x000000000800a430                VL53L0X_SetGpioConfig
 .text.VL53L0X_GetInterruptThresholds
                0x000000000800a678       0x6c ./Drivers/VL53L0X_API/core/src/vl53l0x_api.o
                0x000000000800a678                VL53L0X_GetInterruptThresholds
 .text.VL53L0X_ClearInterruptMask
                0x000000000800a6e4       0x80 ./Drivers/VL53L0X_API/core/src/vl53l0x_api.o
                0x000000000800a6e4                VL53L0X_ClearInterruptMask
 .text.VL53L0X_GetInterruptMaskStatus
                0x000000000800a764       0x44 ./Drivers/VL53L0X_API/core/src/vl53l0x_api.o
                0x000000000800a764                VL53L0X_GetInterruptMaskStatus
 .text.VL53L0X_PerformRefSpadManagement
                0x000000000800a7a8       0x2a ./Drivers/VL53L0X_API/core/src/vl53l0x_api.o
                0x000000000800a7a8                VL53L0X_PerformRefSpadManagement
 .text.VL53L0X_get_offset_calibration_data_micro_meter
                0x000000000800a7d2       0x7e ./Drivers/VL53L0X_API/core/src/vl53l0x_api_calibration.o
                0x000000000800a7d2                VL53L0X_get_offset_calibration_data_micro_meter
 .text.get_next_good_spad
                0x000000000800a850       0xbc ./Drivers/VL53L0X_API/core/src/vl53l0x_api_calibration.o
                0x000000000800a850                get_next_good_spad
 .text.is_aperture
                0x000000000800a90c       0x34 ./Drivers/VL53L0X_API/core/src/vl53l0x_api_calibration.o
                0x000000000800a90c                is_aperture
 .text.enable_spad_bit
                0x000000000800a940       0x70 ./Drivers/VL53L0X_API/core/src/vl53l0x_api_calibration.o
                0x000000000800a940                enable_spad_bit
 .text.set_ref_spad_map
                0x000000000800a9b0       0x26 ./Drivers/VL53L0X_API/core/src/vl53l0x_api_calibration.o
                0x000000000800a9b0                set_ref_spad_map
 .text.get_ref_spad_map
                0x000000000800a9d6       0x26 ./Drivers/VL53L0X_API/core/src/vl53l0x_api_calibration.o
                0x000000000800a9d6                get_ref_spad_map
 .text.enable_ref_spads
                0x000000000800a9fc       0xf8 ./Drivers/VL53L0X_API/core/src/vl53l0x_api_calibration.o
                0x000000000800a9fc                enable_ref_spads
 .text.perform_ref_signal_measurement
                0x000000000800aaf4       0xd4 ./Drivers/VL53L0X_API/core/src/vl53l0x_api_calibration.o
                0x000000000800aaf4                perform_ref_signal_measurement
 .text.VL53L0X_perform_ref_spad_management
                0x000000000800abc8      0x418 ./Drivers/VL53L0X_API/core/src/vl53l0x_api_calibration.o
                0x000000000800abc8                VL53L0X_perform_ref_spad_management
 .text.VL53L0X_set_reference_spads
                0x000000000800afe0      0x14a ./Drivers/VL53L0X_API/core/src/vl53l0x_api_calibration.o
                0x000000000800afe0                VL53L0X_set_reference_spads
 .text.VL53L0X_perform_single_ref_calibration
                0x000000000800b12a       0x76 ./Drivers/VL53L0X_API/core/src/vl53l0x_api_calibration.o
                0x000000000800b12a                VL53L0X_perform_single_ref_calibration
 .text.VL53L0X_ref_calibration_io
                0x000000000800b1a0      0x132 ./Drivers/VL53L0X_API/core/src/vl53l0x_api_calibration.o
                0x000000000800b1a0                VL53L0X_ref_calibration_io
 .text.VL53L0X_perform_vhv_calibration
                0x000000000800b2d2       0xce ./Drivers/VL53L0X_API/core/src/vl53l0x_api_calibration.o
                0x000000000800b2d2                VL53L0X_perform_vhv_calibration
 .text.VL53L0X_perform_phase_calibration
                0x000000000800b3a0       0xca ./Drivers/VL53L0X_API/core/src/vl53l0x_api_calibration.o
                0x000000000800b3a0                VL53L0X_perform_phase_calibration
 .text.VL53L0X_perform_ref_calibration
                0x000000000800b46a       0x7a ./Drivers/VL53L0X_API/core/src/vl53l0x_api_calibration.o
                0x000000000800b46a                VL53L0X_perform_ref_calibration
 .text.VL53L0X_measurement_poll_for_completion
                0x000000000800b4e4       0x60 ./Drivers/VL53L0X_API/core/src/vl53l0x_api_core.o
                0x000000000800b4e4                VL53L0X_measurement_poll_for_completion
 .text.VL53L0X_decode_vcsel_period
                0x000000000800b544       0x26 ./Drivers/VL53L0X_API/core/src/vl53l0x_api_core.o
                0x000000000800b544                VL53L0X_decode_vcsel_period
 .text.VL53L0X_isqrt
                0x000000000800b56a       0x68 ./Drivers/VL53L0X_API/core/src/vl53l0x_api_core.o
                0x000000000800b56a                VL53L0X_isqrt
 .text.VL53L0X_device_read_strobe
                0x000000000800b5d2       0x86 ./Drivers/VL53L0X_API/core/src/vl53l0x_api_core.o
                0x000000000800b5d2                VL53L0X_device_read_strobe
 .text.VL53L0X_get_info_from_device
                0x000000000800b658      0x99a ./Drivers/VL53L0X_API/core/src/vl53l0x_api_core.o
                0x000000000800b658                VL53L0X_get_info_from_device
 .text.VL53L0X_calc_macro_period_ps
                0x000000000800bff2       0x3c ./Drivers/VL53L0X_API/core/src/vl53l0x_api_core.o
                0x000000000800bff2                VL53L0X_calc_macro_period_ps
 .text.VL53L0X_encode_timeout
                0x000000000800c02e       0x58 ./Drivers/VL53L0X_API/core/src/vl53l0x_api_core.o
                0x000000000800c02e                VL53L0X_encode_timeout
 .text.VL53L0X_decode_timeout
                0x000000000800c086       0x2c ./Drivers/VL53L0X_API/core/src/vl53l0x_api_core.o
                0x000000000800c086                VL53L0X_decode_timeout
 *fill*         0x000000000800c0b2        0x2 
 .text.VL53L0X_calc_timeout_mclks
                0x000000000800c0b4       0x54 ./Drivers/VL53L0X_API/core/src/vl53l0x_api_core.o
                0x000000000800c0b4                VL53L0X_calc_timeout_mclks
 .text.VL53L0X_calc_timeout_us
                0x000000000800c108       0x54 ./Drivers/VL53L0X_API/core/src/vl53l0x_api_core.o
                0x000000000800c108                VL53L0X_calc_timeout_us
 .text.get_sequence_step_timeout
                0x000000000800c15c      0x1c2 ./Drivers/VL53L0X_API/core/src/vl53l0x_api_core.o
                0x000000000800c15c                get_sequence_step_timeout
 .text.set_sequence_step_timeout
                0x000000000800c31e      0x1e4 ./Drivers/VL53L0X_API/core/src/vl53l0x_api_core.o
                0x000000000800c31e                set_sequence_step_timeout
 .text.VL53L0X_get_vcsel_pulse_period
                0x000000000800c502       0x6e ./Drivers/VL53L0X_API/core/src/vl53l0x_api_core.o
                0x000000000800c502                VL53L0X_get_vcsel_pulse_period
 .text.VL53L0X_set_measurement_timing_budget_micro_seconds
                0x000000000800c570      0x1c0 ./Drivers/VL53L0X_API/core/src/vl53l0x_api_core.o
                0x000000000800c570                VL53L0X_set_measurement_timing_budget_micro_seconds
 .text.VL53L0X_get_measurement_timing_budget_micro_seconds
                0x000000000800c730      0x162 ./Drivers/VL53L0X_API/core/src/vl53l0x_api_core.o
                0x000000000800c730                VL53L0X_get_measurement_timing_budget_micro_seconds
 *fill*         0x000000000800c892        0x2 
 .text.VL53L0X_load_tuning_settings
                0x000000000800c894      0x1c4 ./Drivers/VL53L0X_API/core/src/vl53l0x_api_core.o
                0x000000000800c894                VL53L0X_load_tuning_settings
 .text.VL53L0X_get_total_xtalk_rate
                0x000000000800ca58       0x5e ./Drivers/VL53L0X_API/core/src/vl53l0x_api_core.o
                0x000000000800ca58                VL53L0X_get_total_xtalk_rate
 .text.VL53L0X_get_total_signal_rate
                0x000000000800cab6       0x4a ./Drivers/VL53L0X_API/core/src/vl53l0x_api_core.o
                0x000000000800cab6                VL53L0X_get_total_signal_rate
 .text.VL53L0X_calc_dmax
                0x000000000800cb00      0x238 ./Drivers/VL53L0X_API/core/src/vl53l0x_api_core.o
                0x000000000800cb00                VL53L0X_calc_dmax
 .text.VL53L0X_calc_sigma_estimate
                0x000000000800cd38      0x498 ./Drivers/VL53L0X_API/core/src/vl53l0x_api_core.o
                0x000000000800cd38                VL53L0X_calc_sigma_estimate
 .text.VL53L0X_get_pal_range_status
                0x000000000800d1d0      0x3b6 ./Drivers/VL53L0X_API/core/src/vl53l0x_api_core.o
                0x000000000800d1d0                VL53L0X_get_pal_range_status
 .text._I2CWrite
                0x000000000800d586       0x3e ./Drivers/VL53L0X_API/platform/src/vl53l0x_platform.o
                0x000000000800d586                _I2CWrite
 .text._I2CRead
                0x000000000800d5c4       0x44 ./Drivers/VL53L0X_API/platform/src/vl53l0x_platform.o
                0x000000000800d5c4                _I2CRead
 .text.VL53L0X_WriteMulti
                0x000000000800d608       0x60 ./Drivers/VL53L0X_API/platform/src/vl53l0x_platform.o
                0x000000000800d608                VL53L0X_WriteMulti
 .text.VL53L0X_ReadMulti
                0x000000000800d668       0x56 ./Drivers/VL53L0X_API/platform/src/vl53l0x_platform.o
                0x000000000800d668                VL53L0X_ReadMulti
 *fill*         0x000000000800d6be        0x2 
 .text.VL53L0X_WrByte
                0x000000000800d6c0       0x48 ./Drivers/VL53L0X_API/platform/src/vl53l0x_platform.o
                0x000000000800d6c0                VL53L0X_WrByte
 .text.VL53L0X_WrWord
                0x000000000800d708       0x54 ./Drivers/VL53L0X_API/platform/src/vl53l0x_platform.o
                0x000000000800d708                VL53L0X_WrWord
 .text.VL53L0X_UpdateByte
                0x000000000800d75c       0x68 ./Drivers/VL53L0X_API/platform/src/vl53l0x_platform.o
                0x000000000800d75c                VL53L0X_UpdateByte
 .text.VL53L0X_RdByte
                0x000000000800d7c4       0x54 ./Drivers/VL53L0X_API/platform/src/vl53l0x_platform.o
                0x000000000800d7c4                VL53L0X_RdByte
 .text.VL53L0X_RdWord
                0x000000000800d818       0x70 ./Drivers/VL53L0X_API/platform/src/vl53l0x_platform.o
                0x000000000800d818                VL53L0X_RdWord
 .text.VL53L0X_RdDWord
                0x000000000800d888       0x78 ./Drivers/VL53L0X_API/platform/src/vl53l0x_platform.o
                0x000000000800d888                VL53L0X_RdDWord
 .text.VL53L0X_PollingDelay
                0x000000000800d900       0x1e ./Drivers/VL53L0X_API/platform/src/vl53l0x_platform.o
                0x000000000800d900                VL53L0X_PollingDelay
 .text.makeFreeRtosPriority
                0x000000000800d91e       0x30 ./Middlewares/Third_Party/FreeRTOS/Source/CMSIS_RTOS/cmsis_os.o
 .text.osKernelStart
                0x000000000800d94e        0xe ./Middlewares/Third_Party/FreeRTOS/Source/CMSIS_RTOS/cmsis_os.o
                0x000000000800d94e                osKernelStart
 .text.osThreadCreate
                0x000000000800d95c       0x98 ./Middlewares/Third_Party/FreeRTOS/Source/CMSIS_RTOS/cmsis_os.o
                0x000000000800d95c                osThreadCreate
 .text.osDelay  0x000000000800d9f4       0x28 ./Middlewares/Third_Party/FreeRTOS/Source/CMSIS_RTOS/cmsis_os.o
                0x000000000800d9f4                osDelay
 .text.vListInitialise
                0x000000000800da1c       0x40 ./Middlewares/Third_Party/FreeRTOS/Source/list.o
                0x000000000800da1c                vListInitialise
 .text.vListInitialiseItem
                0x000000000800da5c       0x1a ./Middlewares/Third_Party/FreeRTOS/Source/list.o
                0x000000000800da5c                vListInitialiseItem
 .text.vListInsertEnd
                0x000000000800da76       0x48 ./Middlewares/Third_Party/FreeRTOS/Source/list.o
                0x000000000800da76                vListInsertEnd
 .text.vListInsert
                0x000000000800dabe       0x72 ./Middlewares/Third_Party/FreeRTOS/Source/list.o
                0x000000000800dabe                vListInsert
 .text.uxListRemove
                0x000000000800db30       0x54 ./Middlewares/Third_Party/FreeRTOS/Source/list.o
                0x000000000800db30                uxListRemove
 .text.xQueueGenericReset
                0x000000000800db84       0xd0 ./Middlewares/Third_Party/FreeRTOS/Source/queue.o
                0x000000000800db84                xQueueGenericReset
 .text.xQueueGenericCreate
                0x000000000800dc54       0x74 ./Middlewares/Third_Party/FreeRTOS/Source/queue.o
                0x000000000800dc54                xQueueGenericCreate
 .text.prvInitialiseNewQueue
                0x000000000800dcc8       0x3e ./Middlewares/Third_Party/FreeRTOS/Source/queue.o
 .text.prvInitialiseMutex
                0x000000000800dd06       0x34 ./Middlewares/Third_Party/FreeRTOS/Source/queue.o
 .text.xQueueCreateMutex
                0x000000000800dd3a       0x30 ./Middlewares/Third_Party/FreeRTOS/Source/queue.o
                0x000000000800dd3a                xQueueCreateMutex
 *fill*         0x000000000800dd6a        0x2 
 .text.xQueueGenericSend
                0x000000000800dd6c      0x1fc ./Middlewares/Third_Party/FreeRTOS/Source/queue.o
                0x000000000800dd6c                xQueueGenericSend
 .text.xQueueSemaphoreTake
                0x000000000800df68      0x218 ./Middlewares/Third_Party/FreeRTOS/Source/queue.o
                0x000000000800df68                xQueueSemaphoreTake
 .text.prvGetDisinheritPriorityAfterTimeout
                0x000000000800e180       0x30 ./Middlewares/Third_Party/FreeRTOS/Source/queue.o
 .text.prvCopyDataToQueue
                0x000000000800e1b0       0xd4 ./Middlewares/Third_Party/FreeRTOS/Source/queue.o
 .text.prvUnlockQueue
                0x000000000800e284       0xa4 ./Middlewares/Third_Party/FreeRTOS/Source/queue.o
 .text.prvIsQueueEmpty
                0x000000000800e328       0x2c ./Middlewares/Third_Party/FreeRTOS/Source/queue.o
 .text.prvIsQueueFull
                0x000000000800e354       0x30 ./Middlewares/Third_Party/FreeRTOS/Source/queue.o
 .text.xTaskCreateStatic
                0x000000000800e384       0xba ./Middlewares/Third_Party/FreeRTOS/Source/tasks.o
                0x000000000800e384                xTaskCreateStatic
 .text.xTaskCreate
                0x000000000800e43e       0x8a ./Middlewares/Third_Party/FreeRTOS/Source/tasks.o
                0x000000000800e43e                xTaskCreate
 .text.prvInitialiseNewTask
                0x000000000800e4c8      0x14c ./Middlewares/Third_Party/FreeRTOS/Source/tasks.o
 .text.prvAddNewTaskToReadyList
                0x000000000800e614       0xd4 ./Middlewares/Third_Party/FreeRTOS/Source/tasks.o
 .text.vTaskDelay
                0x000000000800e6e8       0x68 ./Middlewares/Third_Party/FreeRTOS/Source/tasks.o
                0x000000000800e6e8                vTaskDelay
 .text.vTaskStartScheduler
                0x000000000800e750       0xd4 ./Middlewares/Third_Party/FreeRTOS/Source/tasks.o
                0x000000000800e750                vTaskStartScheduler
 .text.vTaskSuspendAll
                0x000000000800e824       0x1c ./Middlewares/Third_Party/FreeRTOS/Source/tasks.o
                0x000000000800e824                vTaskSuspendAll
 .text.xTaskResumeAll
                0x000000000800e840      0x138 ./Middlewares/Third_Party/FreeRTOS/Source/tasks.o
                0x000000000800e840                xTaskResumeAll
 .text.xTaskIncrementTick
                0x000000000800e978      0x170 ./Middlewares/Third_Party/FreeRTOS/Source/tasks.o
                0x000000000800e978                xTaskIncrementTick
 .text.vTaskSwitchContext
                0x000000000800eae8       0xc4 ./Middlewares/Third_Party/FreeRTOS/Source/tasks.o
                0x000000000800eae8                vTaskSwitchContext
 .text.vTaskPlaceOnEventList
                0x000000000800ebac       0x48 ./Middlewares/Third_Party/FreeRTOS/Source/tasks.o
                0x000000000800ebac                vTaskPlaceOnEventList
 .text.xTaskRemoveFromEventList
                0x000000000800ebf4       0xc4 ./Middlewares/Third_Party/FreeRTOS/Source/tasks.o
                0x000000000800ebf4                xTaskRemoveFromEventList
 .text.vTaskInternalSetTimeOutState
                0x000000000800ecb8       0x2c ./Middlewares/Third_Party/FreeRTOS/Source/tasks.o
                0x000000000800ecb8                vTaskInternalSetTimeOutState
 .text.xTaskCheckForTimeOut
                0x000000000800ece4       0xc4 ./Middlewares/Third_Party/FreeRTOS/Source/tasks.o
                0x000000000800ece4                xTaskCheckForTimeOut
 .text.vTaskMissedYield
                0x000000000800eda8       0x18 ./Middlewares/Third_Party/FreeRTOS/Source/tasks.o
                0x000000000800eda8                vTaskMissedYield
 .text.prvIdleTask
                0x000000000800edc0       0x30 ./Middlewares/Third_Party/FreeRTOS/Source/tasks.o
 .text.prvInitialiseTaskLists
                0x000000000800edf0       0x80 ./Middlewares/Third_Party/FreeRTOS/Source/tasks.o
 .text.prvCheckTasksWaitingTermination
                0x000000000800ee70       0x5c ./Middlewares/Third_Party/FreeRTOS/Source/tasks.o
 .text.prvTaskCheckFreeStackSpace
                0x000000000800eecc       0x38 ./Middlewares/Third_Party/FreeRTOS/Source/tasks.o
 .text.uxTaskGetStackHighWaterMark
                0x000000000800ef04       0x38 ./Middlewares/Third_Party/FreeRTOS/Source/tasks.o
                0x000000000800ef04                uxTaskGetStackHighWaterMark
 .text.prvDeleteTCB
                0x000000000800ef3c       0x68 ./Middlewares/Third_Party/FreeRTOS/Source/tasks.o
 .text.prvResetNextTaskUnblockTime
                0x000000000800efa4       0x40 ./Middlewares/Third_Party/FreeRTOS/Source/tasks.o
 .text.xTaskGetSchedulerState
                0x000000000800efe4       0x3c ./Middlewares/Third_Party/FreeRTOS/Source/tasks.o
                0x000000000800efe4                xTaskGetSchedulerState
 .text.xTaskPriorityInherit
                0x000000000800f020       0xec ./Middlewares/Third_Party/FreeRTOS/Source/tasks.o
                0x000000000800f020                xTaskPriorityInherit
 .text.xTaskPriorityDisinherit
                0x000000000800f10c      0x10c ./Middlewares/Third_Party/FreeRTOS/Source/tasks.o
                0x000000000800f10c                xTaskPriorityDisinherit
 .text.vTaskPriorityDisinheritAfterTimeout
                0x000000000800f218      0x11c ./Middlewares/Third_Party/FreeRTOS/Source/tasks.o
                0x000000000800f218                vTaskPriorityDisinheritAfterTimeout
 .text.pvTaskIncrementMutexHeldCount
                0x000000000800f334       0x28 ./Middlewares/Third_Party/FreeRTOS/Source/tasks.o
                0x000000000800f334                pvTaskIncrementMutexHeldCount
 .text.prvAddCurrentTaskToDelayedList
                0x000000000800f35c       0xcc ./Middlewares/Third_Party/FreeRTOS/Source/tasks.o
 .text.pxPortInitialiseStack
                0x000000000800f428       0x68 ./Middlewares/Third_Party/FreeRTOS/Source/portable/GCC/ARM_CM4F/port.o
                0x000000000800f428                pxPortInitialiseStack
 .text.prvTaskExitError
                0x000000000800f490       0x58 ./Middlewares/Third_Party/FreeRTOS/Source/portable/GCC/ARM_CM4F/port.o
 *fill*         0x000000000800f4e8        0x8 
 .text.SVC_Handler
                0x000000000800f4f0       0x28 ./Middlewares/Third_Party/FreeRTOS/Source/portable/GCC/ARM_CM4F/port.o
                0x000000000800f4f0                SVC_Handler
 .text.prvPortStartFirstTask
                0x000000000800f518       0x28 ./Middlewares/Third_Party/FreeRTOS/Source/portable/GCC/ARM_CM4F/port.o
 .text.xPortStartScheduler
                0x000000000800f540      0x144 ./Middlewares/Third_Party/FreeRTOS/Source/portable/GCC/ARM_CM4F/port.o
                0x000000000800f540                xPortStartScheduler
 .text.vPortEnterCritical
                0x000000000800f684       0x60 ./Middlewares/Third_Party/FreeRTOS/Source/portable/GCC/ARM_CM4F/port.o
                0x000000000800f684                vPortEnterCritical
 .text.vPortExitCritical
                0x000000000800f6e4       0x54 ./Middlewares/Third_Party/FreeRTOS/Source/portable/GCC/ARM_CM4F/port.o
                0x000000000800f6e4                vPortExitCritical
 *fill*         0x000000000800f738        0x8 
 .text.PendSV_Handler
                0x000000000800f740       0x68 ./Middlewares/Third_Party/FreeRTOS/Source/portable/GCC/ARM_CM4F/port.o
                0x000000000800f740                PendSV_Handler
 .text.SysTick_Handler
                0x000000000800f7a8       0x44 ./Middlewares/Third_Party/FreeRTOS/Source/portable/GCC/ARM_CM4F/port.o
                0x000000000800f7a8                SysTick_Handler
 .text.vPortSetupTimerInterrupt
                0x000000000800f7ec       0x48 ./Middlewares/Third_Party/FreeRTOS/Source/portable/GCC/ARM_CM4F/port.o
                0x000000000800f7ec                vPortSetupTimerInterrupt
 .text.vPortEnableVFP
                0x000000000800f834       0x14 ./Middlewares/Third_Party/FreeRTOS/Source/portable/GCC/ARM_CM4F/port.o
 .text.pvPortMalloc
                0x000000000800f848      0x198 ./Middlewares/Third_Party/FreeRTOS/Source/portable/MemMang/heap_4.o
                0x000000000800f848                pvPortMalloc
 .text.vPortFree
                0x000000000800f9e0       0xc4 ./Middlewares/Third_Party/FreeRTOS/Source/portable/MemMang/heap_4.o
                0x000000000800f9e0                vPortFree
 .text.prvHeapInit
                0x000000000800faa4       0xc4 ./Middlewares/Third_Party/FreeRTOS/Source/portable/MemMang/heap_4.o
 .text.prvInsertBlockIntoFreeList
                0x000000000800fb68       0xb4 ./Middlewares/Third_Party/FreeRTOS/Source/portable/MemMang/heap_4.o
 .text.__errno  0x000000000800fc1c        0xc c:/st/stm32cubeide_1.7.0/stm32cubeide/plugins/com.st.stm32cube.ide.mcu.externaltools.gnu-tools-for-stm32.9-2020-q2-update.win32_2.0.0.202105311346/tools/bin/../lib/gcc/arm-none-eabi/9.3.1/../../../../arm-none-eabi/lib/thumb/v7e-m+fp/hard\libc_nano.a(lib_a-errno.o)
                0x000000000800fc1c                __errno
 .text.std      0x000000000800fc28       0x48 c:/st/stm32cubeide_1.7.0/stm32cubeide/plugins/com.st.stm32cube.ide.mcu.externaltools.gnu-tools-for-stm32.9-2020-q2-update.win32_2.0.0.202105311346/tools/bin/../lib/gcc/arm-none-eabi/9.3.1/../../../../arm-none-eabi/lib/thumb/v7e-m+fp/hard\libc_nano.a(lib_a-findfp.o)
 .text._cleanup_r
                0x000000000800fc70        0xc c:/st/stm32cubeide_1.7.0/stm32cubeide/plugins/com.st.stm32cube.ide.mcu.externaltools.gnu-tools-for-stm32.9-2020-q2-update.win32_2.0.0.202105311346/tools/bin/../lib/gcc/arm-none-eabi/9.3.1/../../../../arm-none-eabi/lib/thumb/v7e-m+fp/hard\libc_nano.a(lib_a-findfp.o)
                0x000000000800fc70                _cleanup_r
 .text.__sfmoreglue
                0x000000000800fc7c       0x2c c:/st/stm32cubeide_1.7.0/stm32cubeide/plugins/com.st.stm32cube.ide.mcu.externaltools.gnu-tools-for-stm32.9-2020-q2-update.win32_2.0.0.202105311346/tools/bin/../lib/gcc/arm-none-eabi/9.3.1/../../../../arm-none-eabi/lib/thumb/v7e-m+fp/hard\libc_nano.a(lib_a-findfp.o)
                0x000000000800fc7c                __sfmoreglue
 .text.__sfp_lock_acquire
                0x000000000800fca8        0xc c:/st/stm32cubeide_1.7.0/stm32cubeide/plugins/com.st.stm32cube.ide.mcu.externaltools.gnu-tools-for-stm32.9-2020-q2-update.win32_2.0.0.202105311346/tools/bin/../lib/gcc/arm-none-eabi/9.3.1/../../../../arm-none-eabi/lib/thumb/v7e-m+fp/hard\libc_nano.a(lib_a-findfp.o)
                0x000000000800fca8                __sfp_lock_acquire
 .text.__sfp_lock_release
                0x000000000800fcb4        0xc c:/st/stm32cubeide_1.7.0/stm32cubeide/plugins/com.st.stm32cube.ide.mcu.externaltools.gnu-tools-for-stm32.9-2020-q2-update.win32_2.0.0.202105311346/tools/bin/../lib/gcc/arm-none-eabi/9.3.1/../../../../arm-none-eabi/lib/thumb/v7e-m+fp/hard\libc_nano.a(lib_a-findfp.o)
                0x000000000800fcb4                __sfp_lock_release
 .text.__sinit_lock_acquire
                0x000000000800fcc0        0xc c:/st/stm32cubeide_1.7.0/stm32cubeide/plugins/com.st.stm32cube.ide.mcu.externaltools.gnu-tools-for-stm32.9-2020-q2-update.win32_2.0.0.202105311346/tools/bin/../lib/gcc/arm-none-eabi/9.3.1/../../../../arm-none-eabi/lib/thumb/v7e-m+fp/hard\libc_nano.a(lib_a-findfp.o)
                0x000000000800fcc0                __sinit_lock_acquire
 .text.__sinit_lock_release
                0x000000000800fccc        0xc c:/st/stm32cubeide_1.7.0/stm32cubeide/plugins/com.st.stm32cube.ide.mcu.externaltools.gnu-tools-for-stm32.9-2020-q2-update.win32_2.0.0.202105311346/tools/bin/../lib/gcc/arm-none-eabi/9.3.1/../../../../arm-none-eabi/lib/thumb/v7e-m+fp/hard\libc_nano.a(lib_a-findfp.o)
                0x000000000800fccc                __sinit_lock_release
 .text.__sinit  0x000000000800fcd8       0x70 c:/st/stm32cubeide_1.7.0/stm32cubeide/plugins/com.st.stm32cube.ide.mcu.externaltools.gnu-tools-for-stm32.9-2020-q2-update.win32_2.0.0.202105311346/tools/bin/../lib/gcc/arm-none-eabi/9.3.1/../../../../arm-none-eabi/lib/thumb/v7e-m+fp/hard\libc_nano.a(lib_a-findfp.o)
                0x000000000800fcd8                __sinit
 .text.__sfp    0x000000000800fd48       0x8c c:/st/stm32cubeide_1.7.0/stm32cubeide/plugins/com.st.stm32cube.ide.mcu.externaltools.gnu-tools-for-stm32.9-2020-q2-update.win32_2.0.0.202105311346/tools/bin/../lib/gcc/arm-none-eabi/9.3.1/../../../../arm-none-eabi/lib/thumb/v7e-m+fp/hard\libc_nano.a(lib_a-findfp.o)
                0x000000000800fd48                __sfp
 .text._fwalk_reent
                0x000000000800fdd4       0x3e c:/st/stm32cubeide_1.7.0/stm32cubeide/plugins/com.st.stm32cube.ide.mcu.externaltools.gnu-tools-for-stm32.9-2020-q2-update.win32_2.0.0.202105311346/tools/bin/../lib/gcc/arm-none-eabi/9.3.1/../../../../arm-none-eabi/lib/thumb/v7e-m+fp/hard\libc_nano.a(lib_a-fwalk.o)
                0x000000000800fdd4                _fwalk_reent
 *fill*         0x000000000800fe12        0x2 
 .text.__libc_init_array
                0x000000000800fe14       0x48 c:/st/stm32cubeide_1.7.0/stm32cubeide/plugins/com.st.stm32cube.ide.mcu.externaltools.gnu-tools-for-stm32.9-2020-q2-update.win32_2.0.0.202105311346/tools/bin/../lib/gcc/arm-none-eabi/9.3.1/../../../../arm-none-eabi/lib/thumb/v7e-m+fp/hard\libc_nano.a(lib_a-init.o)
                0x000000000800fe14                __libc_init_array
 .text.__retarget_lock_init_recursive
                0x000000000800fe5c        0x2 c:/st/stm32cubeide_1.7.0/stm32cubeide/plugins/com.st.stm32cube.ide.mcu.externaltools.gnu-tools-for-stm32.9-2020-q2-update.win32_2.0.0.202105311346/tools/bin/../lib/gcc/arm-none-eabi/9.3.1/../../../../arm-none-eabi/lib/thumb/v7e-m+fp/hard\libc_nano.a(lib_a-lock.o)
                0x000000000800fe5c                __retarget_lock_init_recursive
 .text.__retarget_lock_acquire_recursive
                0x000000000800fe5e        0x2 c:/st/stm32cubeide_1.7.0/stm32cubeide/plugins/com.st.stm32cube.ide.mcu.externaltools.gnu-tools-for-stm32.9-2020-q2-update.win32_2.0.0.202105311346/tools/bin/../lib/gcc/arm-none-eabi/9.3.1/../../../../arm-none-eabi/lib/thumb/v7e-m+fp/hard\libc_nano.a(lib_a-lock.o)
                0x000000000800fe5e                __retarget_lock_acquire_recursive
 .text.__retarget_lock_release_recursive
                0x000000000800fe60        0x2 c:/st/stm32cubeide_1.7.0/stm32cubeide/plugins/com.st.stm32cube.ide.mcu.externaltools.gnu-tools-for-stm32.9-2020-q2-update.win32_2.0.0.202105311346/tools/bin/../lib/gcc/arm-none-eabi/9.3.1/../../../../arm-none-eabi/lib/thumb/v7e-m+fp/hard\libc_nano.a(lib_a-lock.o)
                0x000000000800fe60                __retarget_lock_release_recursive
 .text.memcpy   0x000000000800fe62       0x1c c:/st/stm32cubeide_1.7.0/stm32cubeide/plugins/com.st.stm32cube.ide.mcu.externaltools.gnu-tools-for-stm32.9-2020-q2-update.win32_2.0.0.202105311346/tools/bin/../lib/gcc/arm-none-eabi/9.3.1/../../../../arm-none-eabi/lib/thumb/v7e-m+fp/hard\libc_nano.a(lib_a-memcpy-stub.o)
                0x000000000800fe62                memcpy
 .text.memset   0x000000000800fe7e       0x10 c:/st/stm32cubeide_1.7.0/stm32cubeide/plugins/com.st.stm32cube.ide.mcu.externaltools.gnu-tools-for-stm32.9-2020-q2-update.win32_2.0.0.202105311346/tools/bin/../lib/gcc/arm-none-eabi/9.3.1/../../../../arm-none-eabi/lib/thumb/v7e-m+fp/hard\libc_nano.a(lib_a-memset.o)
                0x000000000800fe7e                memset
 *fill*         0x000000000800fe8e        0x2 
 .text._malloc_r
                0x000000000800fe90       0xb4 c:/st/stm32cubeide_1.7.0/stm32cubeide/plugins/com.st.stm32cube.ide.mcu.externaltools.gnu-tools-for-stm32.9-2020-q2-update.win32_2.0.0.202105311346/tools/bin/../lib/gcc/arm-none-eabi/9.3.1/../../../../arm-none-eabi/lib/thumb/v7e-m+fp/hard\libc_nano.a(lib_a-nano-mallocr.o)
                0x000000000800fe90                _malloc_r
 .text.printf   0x000000000800ff44       0x30 c:/st/stm32cubeide_1.7.0/stm32cubeide/plugins/com.st.stm32cube.ide.mcu.externaltools.gnu-tools-for-stm32.9-2020-q2-update.win32_2.0.0.202105311346/tools/bin/../lib/gcc/arm-none-eabi/9.3.1/../../../../arm-none-eabi/lib/thumb/v7e-m+fp/hard\libc_nano.a(lib_a-printf.o)
                0x000000000800ff44                iprintf
                0x000000000800ff44                printf
 .text._puts_r  0x000000000800ff74       0xdc c:/st/stm32cubeide_1.7.0/stm32cubeide/plugins/com.st.stm32cube.ide.mcu.externaltools.gnu-tools-for-stm32.9-2020-q2-update.win32_2.0.0.202105311346/tools/bin/../lib/gcc/arm-none-eabi/9.3.1/../../../../arm-none-eabi/lib/thumb/v7e-m+fp/hard\libc_nano.a(lib_a-puts.o)
                0x000000000800ff74                _puts_r
 .text.puts     0x0000000008010050       0x10 c:/st/stm32cubeide_1.7.0/stm32cubeide/plugins/com.st.stm32cube.ide.mcu.externaltools.gnu-tools-for-stm32.9-2020-q2-update.win32_2.0.0.202105311346/tools/bin/../lib/gcc/arm-none-eabi/9.3.1/../../../../arm-none-eabi/lib/thumb/v7e-m+fp/hard\libc_nano.a(lib_a-puts.o)
                0x0000000008010050                puts
 .text.cleanup_glue
                0x0000000008010060       0x1a c:/st/stm32cubeide_1.7.0/stm32cubeide/plugins/com.st.stm32cube.ide.mcu.externaltools.gnu-tools-for-stm32.9-2020-q2-update.win32_2.0.0.202105311346/tools/bin/../lib/gcc/arm-none-eabi/9.3.1/../../../../arm-none-eabi/lib/thumb/v7e-m+fp/hard\libc_nano.a(lib_a-reent.o)
                0x0000000008010060                cleanup_glue
 *fill*         0x000000000801007a        0x2 
 .text._reclaim_reent
                0x000000000801007c       0xb8 c:/st/stm32cubeide_1.7.0/stm32cubeide/plugins/com.st.stm32cube.ide.mcu.externaltools.gnu-tools-for-stm32.9-2020-q2-update.win32_2.0.0.202105311346/tools/bin/../lib/gcc/arm-none-eabi/9.3.1/../../../../arm-none-eabi/lib/thumb/v7e-m+fp/hard\libc_nano.a(lib_a-reent.o)
                0x000000000801007c                _reclaim_reent
 .text._sbrk_r  0x0000000008010134       0x20 c:/st/stm32cubeide_1.7.0/stm32cubeide/plugins/com.st.stm32cube.ide.mcu.externaltools.gnu-tools-for-stm32.9-2020-q2-update.win32_2.0.0.202105311346/tools/bin/../lib/gcc/arm-none-eabi/9.3.1/../../../../arm-none-eabi/lib/thumb/v7e-m+fp/hard\libc_nano.a(lib_a-sbrkr.o)
                0x0000000008010134                _sbrk_r
 .text.sprintf  0x0000000008010154       0x40 c:/st/stm32cubeide_1.7.0/stm32cubeide/plugins/com.st.stm32cube.ide.mcu.externaltools.gnu-tools-for-stm32.9-2020-q2-update.win32_2.0.0.202105311346/tools/bin/../lib/gcc/arm-none-eabi/9.3.1/../../../../arm-none-eabi/lib/thumb/v7e-m+fp/hard\libc_nano.a(lib_a-sprintf.o)
                0x0000000008010154                siprintf
                0x0000000008010154                sprintf
 .text.__sread  0x0000000008010194       0x22 c:/st/stm32cubeide_1.7.0/stm32cubeide/plugins/com.st.stm32cube.ide.mcu.externaltools.gnu-tools-for-stm32.9-2020-q2-update.win32_2.0.0.202105311346/tools/bin/../lib/gcc/arm-none-eabi/9.3.1/../../../../arm-none-eabi/lib/thumb/v7e-m+fp/hard\libc_nano.a(lib_a-stdio.o)
                0x0000000008010194                __sread
 .text.__swrite
                0x00000000080101b6       0x38 c:/st/stm32cubeide_1.7.0/stm32cubeide/plugins/com.st.stm32cube.ide.mcu.externaltools.gnu-tools-for-stm32.9-2020-q2-update.win32_2.0.0.202105311346/tools/bin/../lib/gcc/arm-none-eabi/9.3.1/../../../../arm-none-eabi/lib/thumb/v7e-m+fp/hard\libc_nano.a(lib_a-stdio.o)
                0x00000000080101b6                __swrite
 .text.__sseek  0x00000000080101ee       0x24 c:/st/stm32cubeide_1.7.0/stm32cubeide/plugins/com.st.stm32cube.ide.mcu.externaltools.gnu-tools-for-stm32.9-2020-q2-update.win32_2.0.0.202105311346/tools/bin/../lib/gcc/arm-none-eabi/9.3.1/../../../../arm-none-eabi/lib/thumb/v7e-m+fp/hard\libc_nano.a(lib_a-stdio.o)
                0x00000000080101ee                __sseek
 .text.__sclose
                0x0000000008010212        0x8 c:/st/stm32cubeide_1.7.0/stm32cubeide/plugins/com.st.stm32cube.ide.mcu.externaltools.gnu-tools-for-stm32.9-2020-q2-update.win32_2.0.0.202105311346/tools/bin/../lib/gcc/arm-none-eabi/9.3.1/../../../../arm-none-eabi/lib/thumb/v7e-m+fp/hard\libc_nano.a(lib_a-stdio.o)
                0x0000000008010212                __sclose
 .text.strcpy   0x000000000801021a       0x10 c:/st/stm32cubeide_1.7.0/stm32cubeide/plugins/com.st.stm32cube.ide.mcu.externaltools.gnu-tools-for-stm32.9-2020-q2-update.win32_2.0.0.202105311346/tools/bin/../lib/gcc/arm-none-eabi/9.3.1/../../../../arm-none-eabi/lib/thumb/v7e-m+fp/hard\libc_nano.a(lib_a-strcpy.o)
                0x000000000801021a                strcpy
 *fill*         0x000000000801022a        0x2 
 .text.__swbuf_r
                0x000000000801022c       0xa4 c:/st/stm32cubeide_1.7.0/stm32cubeide/plugins/com.st.stm32cube.ide.mcu.externaltools.gnu-tools-for-stm32.9-2020-q2-update.win32_2.0.0.202105311346/tools/bin/../lib/gcc/arm-none-eabi/9.3.1/../../../../arm-none-eabi/lib/thumb/v7e-m+fp/hard\libc_nano.a(lib_a-wbuf.o)
                0x000000000801022c                __swbuf_r
 .text._write_r
                0x00000000080102d0       0x24 c:/st/stm32cubeide_1.7.0/stm32cubeide/plugins/com.st.stm32cube.ide.mcu.externaltools.gnu-tools-for-stm32.9-2020-q2-update.win32_2.0.0.202105311346/tools/bin/../lib/gcc/arm-none-eabi/9.3.1/../../../../arm-none-eabi/lib/thumb/v7e-m+fp/hard\libc_nano.a(lib_a-writer.o)
                0x00000000080102d0                _write_r
 .text.__swsetup_r
                0x00000000080102f4       0xdc c:/st/stm32cubeide_1.7.0/stm32cubeide/plugins/com.st.stm32cube.ide.mcu.externaltools.gnu-tools-for-stm32.9-2020-q2-update.win32_2.0.0.202105311346/tools/bin/../lib/gcc/arm-none-eabi/9.3.1/../../../../arm-none-eabi/lib/thumb/v7e-m+fp/hard\libc_nano.a(lib_a-wsetup.o)
                0x00000000080102f4                __swsetup_r
 .text._close_r
                0x00000000080103d0       0x20 c:/st/stm32cubeide_1.7.0/stm32cubeide/plugins/com.st.stm32cube.ide.mcu.externaltools.gnu-tools-for-stm32.9-2020-q2-update.win32_2.0.0.202105311346/tools/bin/../lib/gcc/arm-none-eabi/9.3.1/../../../../arm-none-eabi/lib/thumb/v7e-m+fp/hard\libc_nano.a(lib_a-closer.o)
                0x00000000080103d0                _close_r
 .text.__sflush_r
                0x00000000080103f0      0x10c c:/st/stm32cubeide_1.7.0/stm32cubeide/plugins/com.st.stm32cube.ide.mcu.externaltools.gnu-tools-for-stm32.9-2020-q2-update.win32_2.0.0.202105311346/tools/bin/../lib/gcc/arm-none-eabi/9.3.1/../../../../arm-none-eabi/lib/thumb/v7e-m+fp/hard\libc_nano.a(lib_a-fflush.o)
                0x00000000080103f0                __sflush_r
 .text._fflush_r
                0x00000000080104fc       0x78 c:/st/stm32cubeide_1.7.0/stm32cubeide/plugins/com.st.stm32cube.ide.mcu.externaltools.gnu-tools-for-stm32.9-2020-q2-update.win32_2.0.0.202105311346/tools/bin/../lib/gcc/arm-none-eabi/9.3.1/../../../../arm-none-eabi/lib/thumb/v7e-m+fp/hard\libc_nano.a(lib_a-fflush.o)
                0x00000000080104fc                _fflush_r
 .text._lseek_r
                0x0000000008010574       0x24 c:/st/stm32cubeide_1.7.0/stm32cubeide/plugins/com.st.stm32cube.ide.mcu.externaltools.gnu-tools-for-stm32.9-2020-q2-update.win32_2.0.0.202105311346/tools/bin/../lib/gcc/arm-none-eabi/9.3.1/../../../../arm-none-eabi/lib/thumb/v7e-m+fp/hard\libc_nano.a(lib_a-lseekr.o)
                0x0000000008010574                _lseek_r
 .text.__swhatbuf_r
                0x0000000008010598       0x48 c:/st/stm32cubeide_1.7.0/stm32cubeide/plugins/com.st.stm32cube.ide.mcu.externaltools.gnu-tools-for-stm32.9-2020-q2-update.win32_2.0.0.202105311346/tools/bin/../lib/gcc/arm-none-eabi/9.3.1/../../../../arm-none-eabi/lib/thumb/v7e-m+fp/hard\libc_nano.a(lib_a-makebuf.o)
                0x0000000008010598                __swhatbuf_r
 .text.__smakebuf_r
                0x00000000080105e0       0x80 c:/st/stm32cubeide_1.7.0/stm32cubeide/plugins/com.st.stm32cube.ide.mcu.externaltools.gnu-tools-for-stm32.9-2020-q2-update.win32_2.0.0.202105311346/tools/bin/../lib/gcc/arm-none-eabi/9.3.1/../../../../arm-none-eabi/lib/thumb/v7e-m+fp/hard\libc_nano.a(lib_a-makebuf.o)
                0x00000000080105e0                __smakebuf_r
 .text.__malloc_lock
                0x0000000008010660        0xc c:/st/stm32cubeide_1.7.0/stm32cubeide/plugins/com.st.stm32cube.ide.mcu.externaltools.gnu-tools-for-stm32.9-2020-q2-update.win32_2.0.0.202105311346/tools/bin/../lib/gcc/arm-none-eabi/9.3.1/../../../../arm-none-eabi/lib/thumb/v7e-m+fp/hard\libc_nano.a(lib_a-mlock.o)
                0x0000000008010660                __malloc_lock
 .text.__malloc_unlock
                0x000000000801066c        0xc c:/st/stm32cubeide_1.7.0/stm32cubeide/plugins/com.st.stm32cube.ide.mcu.externaltools.gnu-tools-for-stm32.9-2020-q2-update.win32_2.0.0.202105311346/tools/bin/../lib/gcc/arm-none-eabi/9.3.1/../../../../arm-none-eabi/lib/thumb/v7e-m+fp/hard\libc_nano.a(lib_a-mlock.o)
                0x000000000801066c                __malloc_unlock
 .text._free_r  0x0000000008010678       0xa0 c:/st/stm32cubeide_1.7.0/stm32cubeide/plugins/com.st.stm32cube.ide.mcu.externaltools.gnu-tools-for-stm32.9-2020-q2-update.win32_2.0.0.202105311346/tools/bin/../lib/gcc/arm-none-eabi/9.3.1/../../../../arm-none-eabi/lib/thumb/v7e-m+fp/hard\libc_nano.a(lib_a-nano-freer.o)
                0x0000000008010678                _free_r
 .text.__ssputs_r